Archive member included to satisfy reference by file (symbol)

c:/st/stm32cubeide_1.6.1/stm32cubeide/plugins/com.st.stm32cube.ide.mcu.externaltools.gnu-tools-for-stm32.9-2020-q2-update.win32_2.0.0.202105311346/tools/bin/../lib/gcc/arm-none-eabi/9.3.1/../../../../arm-none-eabi/lib/thumb/v7e-m+fp/hard\libc_nano.a(lib_a-errno.o)
                              ./Core/Src/syscalls.o (__errno)
c:/st/stm32cubeide_1.6.1/stm32cubeide/plugins/com.st.stm32cube.ide.mcu.externaltools.gnu-tools-for-stm32.9-2020-q2-update.win32_2.0.0.202105311346/tools/bin/../lib/gcc/arm-none-eabi/9.3.1/../../../../arm-none-eabi/lib/thumb/v7e-m+fp/hard\libc_nano.a(lib_a-exit.o)
                              c:/st/stm32cubeide_1.6.1/stm32cubeide/plugins/com.st.stm32cube.ide.mcu.externaltools.gnu-tools-for-stm32.9-2020-q2-update.win32_2.0.0.202105311346/tools/bin/../lib/gcc/arm-none-eabi/9.3.1/../../../../arm-none-eabi/lib/thumb/v7e-m+fp/hard/crt0.o (exit)
c:/st/stm32cubeide_1.6.1/stm32cubeide/plugins/com.st.stm32cube.ide.mcu.externaltools.gnu-tools-for-stm32.9-2020-q2-update.win32_2.0.0.202105311346/tools/bin/../lib/gcc/arm-none-eabi/9.3.1/../../../../arm-none-eabi/lib/thumb/v7e-m+fp/hard\libc_nano.a(lib_a-impure.o)
                              c:/st/stm32cubeide_1.6.1/stm32cubeide/plugins/com.st.stm32cube.ide.mcu.externaltools.gnu-tools-for-stm32.9-2020-q2-update.win32_2.0.0.202105311346/tools/bin/../lib/gcc/arm-none-eabi/9.3.1/../../../../arm-none-eabi/lib/thumb/v7e-m+fp/hard\libc_nano.a(lib_a-exit.o) (_global_impure_ptr)
c:/st/stm32cubeide_1.6.1/stm32cubeide/plugins/com.st.stm32cube.ide.mcu.externaltools.gnu-tools-for-stm32.9-2020-q2-update.win32_2.0.0.202105311346/tools/bin/../lib/gcc/arm-none-eabi/9.3.1/../../../../arm-none-eabi/lib/thumb/v7e-m+fp/hard\libc_nano.a(lib_a-init.o)
                              c:/st/stm32cubeide_1.6.1/stm32cubeide/plugins/com.st.stm32cube.ide.mcu.externaltools.gnu-tools-for-stm32.9-2020-q2-update.win32_2.0.0.202105311346/tools/bin/../lib/gcc/arm-none-eabi/9.3.1/../../../../arm-none-eabi/lib/thumb/v7e-m+fp/hard/crt0.o (__libc_init_array)
c:/st/stm32cubeide_1.6.1/stm32cubeide/plugins/com.st.stm32cube.ide.mcu.externaltools.gnu-tools-for-stm32.9-2020-q2-update.win32_2.0.0.202105311346/tools/bin/../lib/gcc/arm-none-eabi/9.3.1/../../../../arm-none-eabi/lib/thumb/v7e-m+fp/hard\libc_nano.a(lib_a-memset.o)
                              c:/st/stm32cubeide_1.6.1/stm32cubeide/plugins/com.st.stm32cube.ide.mcu.externaltools.gnu-tools-for-stm32.9-2020-q2-update.win32_2.0.0.202105311346/tools/bin/../lib/gcc/arm-none-eabi/9.3.1/../../../../arm-none-eabi/lib/thumb/v7e-m+fp/hard/crt0.o (memset)
c:/st/stm32cubeide_1.6.1/stm32cubeide/plugins/com.st.stm32cube.ide.mcu.externaltools.gnu-tools-for-stm32.9-2020-q2-update.win32_2.0.0.202105311346/tools/bin/../lib/gcc/arm-none-eabi/9.3.1/../../../../arm-none-eabi/lib/thumb/v7e-m+fp/hard\libm.a(lib_a-w_pow.o)
                              ./Core/Src/main.o (pow)
c:/st/stm32cubeide_1.6.1/stm32cubeide/plugins/com.st.stm32cube.ide.mcu.externaltools.gnu-tools-for-stm32.9-2020-q2-update.win32_2.0.0.202105311346/tools/bin/../lib/gcc/arm-none-eabi/9.3.1/../../../../arm-none-eabi/lib/thumb/v7e-m+fp/hard\libm.a(lib_a-e_pow.o)
                              c:/st/stm32cubeide_1.6.1/stm32cubeide/plugins/com.st.stm32cube.ide.mcu.externaltools.gnu-tools-for-stm32.9-2020-q2-update.win32_2.0.0.202105311346/tools/bin/../lib/gcc/arm-none-eabi/9.3.1/../../../../arm-none-eabi/lib/thumb/v7e-m+fp/hard\libm.a(lib_a-w_pow.o) (__ieee754_pow)
c:/st/stm32cubeide_1.6.1/stm32cubeide/plugins/com.st.stm32cube.ide.mcu.externaltools.gnu-tools-for-stm32.9-2020-q2-update.win32_2.0.0.202105311346/tools/bin/../lib/gcc/arm-none-eabi/9.3.1/../../../../arm-none-eabi/lib/thumb/v7e-m+fp/hard\libm.a(lib_a-e_sqrt.o)
                              c:/st/stm32cubeide_1.6.1/stm32cubeide/plugins/com.st.stm32cube.ide.mcu.externaltools.gnu-tools-for-stm32.9-2020-q2-update.win32_2.0.0.202105311346/tools/bin/../lib/gcc/arm-none-eabi/9.3.1/../../../../arm-none-eabi/lib/thumb/v7e-m+fp/hard\libm.a(lib_a-e_pow.o) (__ieee754_sqrt)
c:/st/stm32cubeide_1.6.1/stm32cubeide/plugins/com.st.stm32cube.ide.mcu.externaltools.gnu-tools-for-stm32.9-2020-q2-update.win32_2.0.0.202105311346/tools/bin/../lib/gcc/arm-none-eabi/9.3.1/../../../../arm-none-eabi/lib/thumb/v7e-m+fp/hard\libm.a(lib_a-s_fabs.o)
                              c:/st/stm32cubeide_1.6.1/stm32cubeide/plugins/com.st.stm32cube.ide.mcu.externaltools.gnu-tools-for-stm32.9-2020-q2-update.win32_2.0.0.202105311346/tools/bin/../lib/gcc/arm-none-eabi/9.3.1/../../../../arm-none-eabi/lib/thumb/v7e-m+fp/hard\libm.a(lib_a-e_pow.o) (fabs)
c:/st/stm32cubeide_1.6.1/stm32cubeide/plugins/com.st.stm32cube.ide.mcu.externaltools.gnu-tools-for-stm32.9-2020-q2-update.win32_2.0.0.202105311346/tools/bin/../lib/gcc/arm-none-eabi/9.3.1/../../../../arm-none-eabi/lib/thumb/v7e-m+fp/hard\libm.a(lib_a-s_finite.o)
[...]
Memory Configuration

Name             Origin             Length             Attributes
CCMRAM           0x0000000010000000 0x0000000000001000 xrw
RAM              0x0000000020000000 0x0000000000003000 xrw
FLASH            0x0000000008000000 0x0000000000010000 xr
*default*        0x0000000000000000 0xffffffffffffffff

Linker script and memory map

LOAD c:/st/stm32cubeide_1.6.1/stm32cubeide/plugins/com.st.stm32cube.ide.mcu.externaltools.gnu-tools-for-stm32.9-2020-q2-update.win32_2.0.0.202105311346/tools/bin/../lib/gcc/arm-none-eabi/9.3.1/thumb/v7e-m+fp/hard/crti.o
LOAD c:/st/stm32cubeide_1.6.1/stm32cubeide/plugins/com.st.stm32cube.ide.mcu.externaltools.gnu-tools-for-stm32.9-2020-q2-update.win32_2.0.0.202105311346/tools/bin/../lib/gcc/arm-none-eabi/9.3.1/thumb/v7e-m+fp/hard/crtbegin.o
LOAD c:/st/stm32cubeide_1.6.1/stm32cubeide/plugins/com.st.stm32cube.ide.mcu.externaltools.gnu-tools-for-stm32.9-2020-q2-update.win32_2.0.0.202105311346/tools/bin/../lib/gcc/arm-none-eabi/9.3.1/../../../../arm-none-eabi/lib/thumb/v7e-m+fp/hard/crt0.o
LOAD ./Core/Src/7segment.o
LOAD ./Core/Src/HTS221.o
LOAD ./Core/Src/LPS25HB.o
LOAD ./Core/Src/gpio.o
LOAD ./Core/Src/i2c.o
LOAD ./Core/Src/main.o
LOAD ./Core/Src/stm32f3xx_it.o
LOAD ./Core/Src/syscalls.o
LOAD ./Core/Src/sysmem.o
LOAD ./Core/Src/system_stm32f3xx.o
LOAD ./Core/Src/tim.o
LOAD ./Core/Startup/startup_stm32f303k8tx.o
LOAD ./Drivers/STM32F3xx_HAL_Driver/Src/stm32f3xx_ll_dma.o
LOAD ./Drivers/STM32F3xx_HAL_Driver/Src/stm32f3xx_ll_exti.o
LOAD ./Drivers/STM32F3xx_HAL_Driver/Src/stm32f3xx_ll_gpio.o
LOAD ./Drivers/STM32F3xx_HAL_Driver/Src/stm32f3xx_ll_i2c.o
LOAD ./Drivers/STM32F3xx_HAL_Driver/Src/stm32f3xx_ll_rcc.o
LOAD ./Drivers/STM32F3xx_HAL_Driver/Src/stm32f3xx_ll_tim.o
LOAD ./Drivers/STM32F3xx_HAL_Driver/Src/stm32f3xx_ll_utils.o
START GROUP
LOAD c:/st/stm32cubeide_1.6.1/stm32cubeide/plugins/com.st.stm32cube.ide.mcu.externaltools.gnu-tools-for-stm32.9-2020-q2-update.win32_2.0.0.202105311346/tools/bin/../lib/gcc/arm-none-eabi/9.3.1/../../../../arm-none-eabi/lib/thumb/v7e-m+fp/hard\libc_nano.a
LOAD c:/st/stm32cubeide_1.6.1/stm32cubeide/plugins/com.st.stm32cube.ide.mcu.externaltools.gnu-tools-for-stm32.9-2020-q2-update.win32_2.0.0.202105311346/tools/bin/../lib/gcc/arm-none-eabi/9.3.1/../../../../arm-none-eabi/lib/thumb/v7e-m+fp/hard\libm.a
END GROUP
START GROUP
LOAD c:/st/stm32cubeide_1.6.1/stm32cubeide/plugins/com.st.stm32cube.ide.mcu.externaltools.gnu-tools-for-stm32.9-2020-q2-update.win32_2.0.0.202105311346/tools/bin/../lib/gcc/arm-none-eabi/9.3.1/thumb/v7e-m+fp/hard\libgcc.a
LOAD c:/st/stm32cubeide_1.6.1/stm32cubeide/plugins/com.st.stm32cube.ide.mcu.externaltools.gnu-tools-for-stm32.9-2020-q2-update.win32_2.0.0.202105311346/tools/bin/../lib/gcc/arm-none-eabi/9.3.1/../../../../arm-none-eabi/lib/thumb/v7e-m+fp/hard\libc_nano.a
END GROUP
START GROUP
LOAD c:/st/stm32cubeide_1.6.1/stm32cubeide/plugins/com.st.stm32cube.ide.mcu.externaltools.gnu-tools-for-stm32.9-2020-q2-update.win32_2.0.0.202105311346/tools/bin/../lib/gcc/arm-none-eabi/9.3.1/thumb/v7e-m+fp/hard\libgcc.a
LOAD c:/st/stm32cubeide_1.6.1/stm32cubeide/plugins/com.st.stm32cube.ide.mcu.externaltools.gnu-tools-for-stm32.9-2020-q2-update.win32_2.0.0.202105311346/tools/bin/../lib/gcc/arm-none-eabi/9.3.1/../../../../arm-none-eabi/lib/thumb/v7e-m+fp/hard\libc_nano.a
LOAD c:/st/stm32cubeide_1.6.1/stm32cubeide/plugins/com.st.stm32cube.ide.mcu.externaltools.gnu-tools-for-stm32.9-2020-q2-update.win32_2.0.0.202105311346/tools/bin/../lib/gcc/arm-none-eabi/9.3.1/../../../../arm-none-eabi/lib/thumb/v7e-m+fp/hard\libnosys.a
END GROUP
START GROUP
LOAD c:/st/stm32cubeide_1.6.1/stm32cubeide/plugins/com.st.stm32cube.ide.mcu.externaltools.gnu-tools-for-stm32.9-2020-q2-update.win32_2.0.0.202105311346/tools/bin/../lib/gcc/arm-none-eabi/9.3.1/thumb/v7e-m+fp/hard\libgcc.a
LOAD c:/st/stm32cubeide_1.6.1/stm32cubeide/plugins/com.st.stm32cube.ide.mcu.externaltools.gnu-tools-for-stm32.9-2020-q2-update.win32_2.0.0.202105311346/tools/bin/../lib/gcc/arm-none-eabi/9.3.1/../../../../arm-none-eabi/lib/thumb/v7e-m+fp/hard\libc_nano.a
LOAD c:/st/stm32cubeide_1.6.1/stm32cubeide/plugins/com.st.stm32cube.ide.mcu.externaltools.gnu-tools-for-stm32.9-2020-q2-update.win32_2.0.0.202105311346/tools/bin/../lib/gcc/arm-none-eabi/9.3.1/../../../../arm-none-eabi/lib/thumb/v7e-m+fp/hard\libnosys.a
END GROUP
LOAD c:/st/stm32cubeide_1.6.1/stm32cubeide/plugins/com.st.stm32cube.ide.mcu.externaltools.gnu-tools-for-stm32.9-2020-q2-update.win32_2.0.0.202105311346/tools/bin/../lib/gcc/arm-none-eabi/9.3.1/thumb/v7e-m+fp/hard/crtend.o
LOAD c:/st/stm32cubeide_1.6.1/stm32cubeide/plugins/com.st.stm32cube.ide.mcu.externaltools.gnu-tools-for-stm32.9-2020-q2-update.win32_2.0.0.202105311346/tools/bin/../lib/gcc/arm-none-eabi/9.3.1/thumb/v7e-m+fp/hard/crtn.o
                0x0000000020003000                _estack = (ORIGIN (RAM) + LENGTH (RAM))
                0x0000000000000200                _Min_Heap_Size = 0x200
                0x0000000000000400                _Min_Stack_Size = 0x400

.isr_vector     0x0000000008000000      0x188
                0x0000000008000000                . = ALIGN (0x4)
 *(.isr_vector)
 .isr_vector    0x0000000008000000      0x188 ./Core/Startup/startup_stm32f303k8tx.o
                0x0000000008000000                g_pfnVectors
                0x0000000008000188                . = ALIGN (0x4)

.text           0x0000000008000188     0x55e4
                0x0000000008000188                . = ALIGN (0x4)
 *(.text)
 .text          0x0000000008000188       0x40 c:/st/stm32cubeide_1.6.1/stm32cubeide/plugins/com.st.stm32cube.ide.mcu.externaltools.gnu-tools-for-stm32.9-2020-q2-update.win32_2.0.0.202105311346/tools/bin/../lib/gcc/arm-none-eabi/9.3.1/thumb/v7e-m+fp/hard/crtbegin.o
 .text          0x00000000080001c8      0x378 c:/st/stm32cubeide_1.6.1/stm32cubeide/plugins/com.st.stm32cube.ide.mcu.externaltools.gnu-tools-for-stm32.9-2020-q2-update.win32_2.0.0.202105311346/tools/bin/../lib/gcc/arm-none-eabi/9.3.1/thumb/v7e-m+fp/hard\libgcc.a(_arm_addsubdf3.o)
                0x00000000080001c8                __aeabi_drsub
                0x00000000080001d0                __aeabi_dsub
                0x00000000080001d0                __subdf3
                0x00000000080001d4                __aeabi_dadd
                0x00000000080001d4                __adddf3
                0x000000000800044c                __floatunsidf
                0x000000000800044c                __aeabi_ui2d
                0x000000000800046c                __floatsidf
                0x000000000800046c                __aeabi_i2d
                0x0000000008000490                __aeabi_f2d
                0x0000000008000490                __extendsfdf2
                0x00000000080004d4                __floatundidf
                0x00000000080004d4                __aeabi_ul2d
                0x00000000080004e4                __floatdidf
                0x00000000080004e4                __aeabi_l2d
 .text          0x0000000008000540      0x424 c:/st/stm32cubeide_1.6.1/stm32cubeide/plugins/com.st.stm32cube.ide.mcu.externaltools.gnu-tools-for-stm32.9-2020-q2-update.win32_2.0.0.202105311346/tools/bin/../lib/gcc/arm-none-eabi/9.3.1/thumb/v7e-m+fp/hard\libgcc.a(_arm_muldivdf3.o)
                0x0000000008000540                __aeabi_dmul
                0x0000000008000540                __muldf3
                0x0000000008000794                __divdf3
                0x0000000008000794                __aeabi_ddiv
 .text          0x0000000008000964      0x110 c:/st/stm32cubeide_1.6.1/stm32cubeide/plugins/com.st.stm32cube.ide.mcu.externaltools.gnu-tools-for-stm32.9-2020-q2-update.win32_2.0.0.202105311346/tools/bin/../lib/gcc/arm-none-eabi/9.3.1/thumb/v7e-m+fp/hard\libgcc.a(_arm_cmpdf2.o)
                0x0000000008000964                __gtdf2
                0x0000000008000964                __gedf2
                0x000000000800096c                __ltdf2
                0x000000000800096c                __ledf2
                0x0000000008000974                __nedf2
                0x0000000008000974                __eqdf2
                0x0000000008000974                __cmpdf2
                0x00000000080009f0                __aeabi_cdrcmple
                0x0000000008000a00                __aeabi_cdcmpeq
                0x0000000008000a00                __aeabi_cdcmple
                0x0000000008000a10                __aeabi_dcmpeq
                0x0000000008000a24                __aeabi_dcmplt
                0x0000000008000a38                __aeabi_dcmple
                0x0000000008000a4c                __aeabi_dcmpge
                0x0000000008000a60                __aeabi_dcmpgt
 .text          0x0000000008000a74       0x2c c:/st/stm32cubeide_1.6.1/stm32cubeide/plugins/com.st.stm32cube.ide.mcu.externaltools.gnu-tools-for-stm32.9-2020-q2-update.win32_2.0.0.202105311346/tools/bin/../lib/gcc/arm-none-eabi/9.3.1/thumb/v7e-m+fp/hard\libgcc.a(_arm_unorddf2.o)
                0x0000000008000a74                __unorddf2
                0x0000000008000a74                __aeabi_dcmpun
 .text          0x0000000008000aa0       0xa0 c:/st/stm32cubeide_1.6.1/stm32cubeide/plugins/com.st.stm32cube.ide.mcu.externaltools.gnu-tools-for-stm32.9-2020-q2-update.win32_2.0.0.202105311346/tools/bin/../lib/gcc/arm-none-eabi/9.3.1/thumb/v7e-m+fp/hard\libgcc.a(_arm_truncdfsf2.o)
                0x0000000008000aa0                __truncdfsf2
                0x0000000008000aa0                __aeabi_d2f
 *(.text*)
 .text.LL_GPIO_SetOutputPin
                0x0000000008000b40       0x1c ./Core/Src/7segment.o
 .text.LL_GPIO_ResetOutputPin
                0x0000000008000b5c       0x1c ./Core/Src/7segment.o
 .text.setDigt1
                0x0000000008000b78       0x40 ./Core/Src/7segment.o
                0x0000000008000b78                setDigt1
 .text.setDigt2
                0x0000000008000bb8       0x40 ./Core/Src/7segment.o
                0x0000000008000bb8                setDigt2
 .text.setDigt3
                0x0000000008000bf8       0x40 ./Core/Src/7segment.o
                0x0000000008000bf8                setDigt3
 .text.setDigt4
                0x0000000008000c38       0x48 ./Core/Src/7segment.o
                0x0000000008000c38                setDigt4
 .text.set_     0x0000000008000c80       0x5c ./Core/Src/7segment.o
                0x0000000008000c80                set_
 .text.setA     0x0000000008000cdc       0x5c ./Core/Src/7segment.o
                0x0000000008000cdc                setA
 .text.setB     0x0000000008000d38       0x5c ./Core/Src/7segment.o
                0x0000000008000d38                setB
 .text.setE     0x0000000008000d94       0x5c ./Core/Src/7segment.o
                0x0000000008000d94                setE
 .text.setH     0x0000000008000df0       0x5c ./Core/Src/7segment.o
                0x0000000008000df0                setH
 .text.setL     0x0000000008000e4c       0x5c ./Core/Src/7segment.o
                0x0000000008000e4c                setL
 .text.setM     0x0000000008000ea8       0x5c ./Core/Src/7segment.o
                0x0000000008000ea8                setM
 .text.setP     0x0000000008000f04       0x5c ./Core/Src/7segment.o
                0x0000000008000f04                setP
 .text.setR     0x0000000008000f60       0x5c ./Core/Src/7segment.o
                0x0000000008000f60                setR
 .text.setT     0x0000000008000fbc       0x5c ./Core/Src/7segment.o
                0x0000000008000fbc                setT
 .text.setU     0x0000000008001018       0x5c ./Core/Src/7segment.o
                0x0000000008001018                setU
 .text.set0     0x0000000008001074       0x5c ./Core/Src/7segment.o
                0x0000000008001074                set0
 .text.set1     0x00000000080010d0       0x5c ./Core/Src/7segment.o
                0x00000000080010d0                set1
 .text.set2     0x000000000800112c       0x5c ./Core/Src/7segment.o
                0x000000000800112c                set2
 .text.set3     0x0000000008001188       0x5c ./Core/Src/7segment.o
                0x0000000008001188                set3
 .text.set4     0x00000000080011e4       0x5c ./Core/Src/7segment.o
                0x00000000080011e4                set4
 .text.set5     0x0000000008001240       0x5c ./Core/Src/7segment.o
                0x0000000008001240                set5
 .text.set6     0x000000000800129c       0x5c ./Core/Src/7segment.o
                0x000000000800129c                set6
 .text.set7     0x00000000080012f8       0x5c ./Core/Src/7segment.o
                0x00000000080012f8                set7
 .text.set8     0x0000000008001354       0x5c ./Core/Src/7segment.o
                0x0000000008001354                set8
 .text.set9     0x00000000080013b0       0x5c ./Core/Src/7segment.o
                0x00000000080013b0                set9
 .text.setMinus
                0x000000000800140c       0x5c ./Core/Src/7segment.o
                0x000000000800140c                setMinus
 .text.num2seg  0x0000000008001468       0xb0 ./Core/Src/7segment.o
                0x0000000008001468                num2seg
 .text.writeToDisplay
                0x0000000008001518       0x74 ./Core/Src/7segment.o
                0x0000000008001518                writeToDisplay
 .text.writeTemp
                0x000000000800158c      0x198 ./Core/Src/7segment.o
                0x000000000800158c                writeTemp
 .text.writeHum
                0x0000000008001724       0xf8 ./Core/Src/7segment.o
                0x0000000008001724                writeHum
 .text.writeBar
                0x000000000800181c      0x14c ./Core/Src/7segment.o
                0x000000000800181c                writeBar
 .text.writeAlt
                0x0000000008001968      0x138 ./Core/Src/7segment.o
                0x0000000008001968                writeAlt
 .text.HTS221_read_byte
                0x0000000008001aa0       0x34 ./Core/Src/HTS221.o
                0x0000000008001aa0                HTS221_read_byte
 .text.HTS221_write_byte
                0x0000000008001ad4       0x2c ./Core/Src/HTS221.o
                0x0000000008001ad4                HTS221_write_byte
 .text.HTS221_init
                0x0000000008001b00       0x5c ./Core/Src/HTS221.o
                0x0000000008001b00                HTS221_init
 .text.HTS221_get_humidity_calibration
                0x0000000008001b5c       0xfc ./Core/Src/HTS221.o
                0x0000000008001b5c                HTS221_get_humidity_calibration
 .text.HTS221_get_humidity
                0x0000000008001c58       0x58 ./Core/Src/HTS221.o
                0x0000000008001c58                HTS221_get_humidity
 .text.HTS221_get_temperature_calibration
                0x0000000008001cb0      0x138 ./Core/Src/HTS221.o
                0x0000000008001cb0                HTS221_get_temperature_calibration
 .text.HTS221_get_temperature
                0x0000000008001de8       0x5c ./Core/Src/HTS221.o
                0x0000000008001de8                HTS221_get_temperature
 .text.LPS25HB_read_byte
                0x0000000008001e44       0x34 ./Core/Src/LPS25HB.o
                0x0000000008001e44                LPS25HB_read_byte
 .text.LPS25HB_write_byte
                0x0000000008001e78       0x2c ./Core/Src/LPS25HB.o
                0x0000000008001e78                LPS25HB_write_byte
 .text.LPS25HB_init
                0x0000000008001ea4       0x58 ./Core/Src/LPS25HB.o
                0x0000000008001ea4                LPS25HB_init
 .text.LPS25HB_get_pressure_calibration
                0x0000000008001efc       0x2c ./Core/Src/LPS25HB.o
                0x0000000008001efc                LPS25HB_get_pressure_calibration
 .text.LPS25HB_get_pressure
                0x0000000008001f28       0x5c ./Core/Src/LPS25HB.o
                0x0000000008001f28                LPS25HB_get_pressure
 .text.__NVIC_GetPriorityGrouping
                0x0000000008001f84       0x1c ./Core/Src/gpio.o
 .text.__NVIC_EnableIRQ
                0x0000000008001fa0       0x3c ./Core/Src/gpio.o
 .text.__NVIC_SetPriority
                0x0000000008001fdc       0x54 ./Core/Src/gpio.o
 .text.NVIC_EncodePriority
                0x0000000008002030       0x66 ./Core/Src/gpio.o
 *fill*         0x0000000008002096        0x2 
 .text.LL_AHB1_GRP1_EnableClock
                0x0000000008002098       0x30 ./Core/Src/gpio.o
 .text.LL_SYSCFG_SetEXTISource
                0x00000000080020c8       0x5c ./Core/Src/gpio.o
 .text.LL_GPIO_SetPinMode
                0x0000000008002124       0x5e ./Core/Src/gpio.o
 .text.LL_GPIO_SetPinPull
                0x0000000008002182       0x5e ./Core/Src/gpio.o
 .text.LL_GPIO_SetOutputPin
                0x00000000080021e0       0x1c ./Core/Src/gpio.o
 .text.LL_GPIO_ResetOutputPin
                0x00000000080021fc       0x1c ./Core/Src/gpio.o
 .text.MX_GPIO_Init
                0x0000000008002218      0x148 ./Core/Src/gpio.o
                0x0000000008002218                MX_GPIO_Init
 .text.__NVIC_GetPriorityGrouping
                0x0000000008002360       0x1c ./Core/Src/i2c.o
 .text.__NVIC_EnableIRQ
                0x000000000800237c       0x3c ./Core/Src/i2c.o
 .text.__NVIC_SetPriority
                0x00000000080023b8       0x54 ./Core/Src/i2c.o
 .text.NVIC_EncodePriority
                0x000000000800240c       0x66 ./Core/Src/i2c.o
 .text.LL_I2C_Enable
                0x0000000008002472       0x20 ./Core/Src/i2c.o
 .text.LL_I2C_EnableClockStretching
                0x0000000008002492       0x20 ./Core/Src/i2c.o
 .text.LL_I2C_DisableGeneralCall
                0x00000000080024b2       0x20 ./Core/Src/i2c.o
 .text.LL_I2C_SetOwnAddress2
                0x00000000080024d2       0x30 ./Core/Src/i2c.o
 .text.LL_I2C_DisableOwnAddress2
                0x0000000008002502       0x20 ./Core/Src/i2c.o
 .text.LL_I2C_EnableIT_RX
                0x0000000008002522       0x20 ./Core/Src/i2c.o
 .text.LL_I2C_DisableIT_RX
                0x0000000008002542       0x20 ./Core/Src/i2c.o
 .text.LL_I2C_IsActiveFlag_TXIS
                0x0000000008002562       0x26 ./Core/Src/i2c.o
 .text.LL_I2C_IsActiveFlag_STOP
                0x0000000008002588       0x26 ./Core/Src/i2c.o
 .text.LL_I2C_ClearFlag_STOP
                0x00000000080025ae       0x20 ./Core/Src/i2c.o
 .text.LL_I2C_EnableAutoEndMode
                0x00000000080025ce       0x20 ./Core/Src/i2c.o
 *fill*         0x00000000080025ee        0x2 
 .text.LL_I2C_HandleTransfer
                0x00000000080025f0       0x4c ./Core/Src/i2c.o
 .text.LL_I2C_ReceiveData8
                0x000000000800263c       0x1a ./Core/Src/i2c.o
 .text.LL_I2C_TransmitData8
                0x0000000008002656       0x1e ./Core/Src/i2c.o
 .text.LL_AHB1_GRP1_EnableClock
                0x0000000008002674       0x30 ./Core/Src/i2c.o
 .text.LL_APB1_GRP1_EnableClock
                0x00000000080026a4       0x30 ./Core/Src/i2c.o
 .text.MX_I2C1_Init
                0x00000000080026d4       0xe0 ./Core/Src/i2c.o
                0x00000000080026d4                MX_I2C1_Init
 .text.i2c_master_write
                0x00000000080027b4       0x88 ./Core/Src/i2c.o
                0x00000000080027b4                i2c_master_write
 .text.i2c_master_read
                0x000000000800283c       0xf4 ./Core/Src/i2c.o
                0x000000000800283c                i2c_master_read
 .text.I2C1_Master_Reception_Callback
                0x0000000008002930       0x54 ./Core/Src/i2c.o
                0x0000000008002930                I2C1_Master_Reception_Callback
 .text.__NVIC_SetPriorityGrouping
                0x0000000008002984       0x48 ./Core/Src/main.o
 .text.__NVIC_GetPriorityGrouping
                0x00000000080029cc       0x1c ./Core/Src/main.o
 .text.__NVIC_SetPriority
                0x00000000080029e8       0x54 ./Core/Src/main.o
 .text.NVIC_EncodePriority
                0x0000000008002a3c       0x66 ./Core/Src/main.o
 *fill*         0x0000000008002aa2        0x2 
 .text.LL_RCC_HSI_Enable
                0x0000000008002aa4       0x20 ./Core/Src/main.o
 .text.LL_RCC_HSI_IsReady
                0x0000000008002ac4       0x24 ./Core/Src/main.o
 .text.LL_RCC_HSI_SetCalibTrimming
                0x0000000008002ae8       0x2c ./Core/Src/main.o
 .text.LL_RCC_SetSysClkSource
                0x0000000008002b14       0x28 ./Core/Src/main.o
 .text.LL_RCC_GetSysClkSource
                0x0000000008002b3c       0x1c ./Core/Src/main.o
 .text.LL_RCC_SetAHBPrescaler
                0x0000000008002b58       0x28 ./Core/Src/main.o
 .text.LL_RCC_SetAPB1Prescaler
                0x0000000008002b80       0x28 ./Core/Src/main.o
 .text.LL_RCC_SetAPB2Prescaler
                0x0000000008002ba8       0x28 ./Core/Src/main.o
 .text.LL_RCC_SetI2CClockSource
                0x0000000008002bd0       0x30 ./Core/Src/main.o
 .text.LL_APB1_GRP1_EnableClock
                0x0000000008002c00       0x30 ./Core/Src/main.o
 .text.LL_APB2_GRP1_EnableClock
                0x0000000008002c30       0x30 ./Core/Src/main.o
 .text.LL_FLASH_SetLatency
                0x0000000008002c60       0x28 ./Core/Src/main.o
 .text.LL_FLASH_GetLatency
                0x0000000008002c88       0x1c ./Core/Src/main.o
 .text.main     0x0000000008002ca4      0x1a8 ./Core/Src/main.o
                0x0000000008002ca4                main
 .text.SystemClock_Config
                0x0000000008002e4c       0x6c ./Core/Src/main.o
                0x0000000008002e4c                SystemClock_Config
 .text.refreshDisplay
                0x0000000008002eb8       0x2c ./Core/Src/main.o
                0x0000000008002eb8                refreshDisplay
 .text.shiftText
                0x0000000008002ee4       0x88 ./Core/Src/main.o
                0x0000000008002ee4                shiftText
 .text.selectParam
                0x0000000008002f6c       0x2c ./Core/Src/main.o
                0x0000000008002f6c                selectParam
 .text.resetCounters
                0x0000000008002f98       0x2c ./Core/Src/main.o
                0x0000000008002f98                resetCounters
 *fill*         0x0000000008002fc4        0x4 
 .text.getAltitude
                0x0000000008002fc8       0x8c ./Core/Src/main.o
                0x0000000008002fc8                getAltitude
 .text.LL_I2C_IsActiveFlag_RXNE
                0x0000000008003054       0x26 ./Core/Src/stm32f3xx_it.o
 *fill*         0x000000000800307a        0x2 
 .text.LL_EXTI_IsActiveFlag_0_31
                0x000000000800307c       0x2c ./Core/Src/stm32f3xx_it.o
 .text.LL_EXTI_ClearFlag_0_31
                0x00000000080030a8       0x20 ./Core/Src/stm32f3xx_it.o
 .text.LL_TIM_ClearFlag_UPDATE
                0x00000000080030c8       0x1c ./Core/Src/stm32f3xx_it.o
 .text.LL_TIM_IsActiveFlag_UPDATE
                0x00000000080030e4       0x26 ./Core/Src/stm32f3xx_it.o
 .text.NMI_Handler
                0x000000000800310a        0x6 ./Core/Src/stm32f3xx_it.o
                0x000000000800310a                NMI_Handler
 .text.HardFault_Handler
                0x0000000008003110        0x6 ./Core/Src/stm32f3xx_it.o
                0x0000000008003110                HardFault_Handler
 .text.MemManage_Handler
                0x0000000008003116        0x6 ./Core/Src/stm32f3xx_it.o
                0x0000000008003116                MemManage_Handler
 .text.BusFault_Handler
                0x000000000800311c        0x6 ./Core/Src/stm32f3xx_it.o
                0x000000000800311c                BusFault_Handler
 .text.UsageFault_Handler
                0x0000000008003122        0x6 ./Core/Src/stm32f3xx_it.o
                0x0000000008003122                UsageFault_Handler
 .text.SVC_Handler
                0x0000000008003128        0xe ./Core/Src/stm32f3xx_it.o
                0x0000000008003128                SVC_Handler
 .text.DebugMon_Handler
                0x0000000008003136        0xe ./Core/Src/stm32f3xx_it.o
                0x0000000008003136                DebugMon_Handler
 .text.PendSV_Handler
                0x0000000008003144        0xe ./Core/Src/stm32f3xx_it.o
                0x0000000008003144                PendSV_Handler
 .text.SysTick_Handler
                0x0000000008003152        0xe ./Core/Src/stm32f3xx_it.o
                0x0000000008003152                SysTick_Handler
 .text.EXTI3_IRQHandler
                0x0000000008003160       0x1e ./Core/Src/stm32f3xx_it.o
                0x0000000008003160                EXTI3_IRQHandler
 *fill*         0x000000000800317e        0x2 
 .text.TIM2_IRQHandler
                0x0000000008003180       0x48 ./Core/Src/stm32f3xx_it.o
                0x0000000008003180                TIM2_IRQHandler
 .text.I2C1_EV_IRQHandler
                0x00000000080031c8       0x1c ./Core/Src/stm32f3xx_it.o
                0x00000000080031c8                I2C1_EV_IRQHandler
 .text.SystemInit
                0x00000000080031e4       0x24 ./Core/Src/system_stm32f3xx.o
                0x00000000080031e4                SystemInit
 .text.__NVIC_GetPriorityGrouping
                0x0000000008003208       0x1c ./Core/Src/tim.o
 .text.__NVIC_EnableIRQ
                0x0000000008003224       0x3c ./Core/Src/tim.o
 .text.__NVIC_SetPriority
                0x0000000008003260       0x54 ./Core/Src/tim.o
 .text.NVIC_EncodePriority
                0x00000000080032b4       0x66 ./Core/Src/tim.o
 *fill*         0x000000000800331a        0x2 
 .text.LL_APB1_GRP1_EnableClock
                0x000000000800331c       0x30 ./Core/Src/tim.o
 .text.LL_TIM_EnableCounter
                0x000000000800334c       0x20 ./Core/Src/tim.o
 .text.LL_TIM_DisableARRPreload
                0x000000000800336c       0x20 ./Core/Src/tim.o
 .text.LL_TIM_OC_DisableFast
                0x000000000800338c       0xa4 ./Core/Src/tim.o
 .text.LL_TIM_SetClockSource
                0x0000000008003430       0x2a ./Core/Src/tim.o
 .text.LL_TIM_SetTriggerOutput
                0x000000000800345a       0x26 ./Core/Src/tim.o
 .text.LL_TIM_DisableMasterSlaveMode
                0x0000000008003480       0x20 ./Core/Src/tim.o
 .text.LL_TIM_EnableIT_UPDATE
                0x00000000080034a0       0x20 ./Core/Src/tim.o
 .text.MX_TIM2_Init
                0x00000000080034c0       0xd0 ./Core/Src/tim.o
                0x00000000080034c0                MX_TIM2_Init
 .text.Reset_Handler
                0x0000000008003590       0x50 ./Core/Startup/startup_stm32f303k8tx.o
                0x0000000008003590                Reset_Handler
 .text.Default_Handler
                0x00000000080035e0        0x2 ./Core/Startup/startup_stm32f303k8tx.o
                0x00000000080035e0                RTC_Alarm_IRQHandler
                0x00000000080035e0                TIM1_CC_IRQHandler
                0x00000000080035e0                PVD_IRQHandler
                0x00000000080035e0                TAMP_STAMP_IRQHandler
                0x00000000080035e0                EXTI0_IRQHandler
                0x00000000080035e0                FPU_IRQHandler
                0x00000000080035e0                CAN_TX_IRQHandler
                0x00000000080035e0                TIM1_UP_TIM16_IRQHandler
                0x00000000080035e0                ADC1_2_IRQHandler
                0x00000000080035e0                SPI1_IRQHandler
                0x00000000080035e0                CAN_SCE_IRQHandler
                0x00000000080035e0                DMA1_Channel4_IRQHandler
                0x00000000080035e0                USART3_IRQHandler
                0x00000000080035e0                DMA1_Channel7_IRQHandler
                0x00000000080035e0                TIM7_DAC2_IRQHandler
                0x00000000080035e0                CAN_RX1_IRQHandler
                0x00000000080035e0                DMA1_Channel6_IRQHandler
                0x00000000080035e0                TIM3_IRQHandler
                0x00000000080035e0                RCC_IRQHandler
                0x00000000080035e0                DMA1_Channel1_IRQHandler
                0x00000000080035e0                Default_Handler
                0x00000000080035e0                EXTI15_10_IRQHandler
                0x00000000080035e0                COMP2_IRQHandler
                0x00000000080035e0                TIM6_DAC1_IRQHandler
                0x00000000080035e0                EXTI9_5_IRQHandler
                0x00000000080035e0                RTC_WKUP_IRQHandler
                0x00000000080035e0                DMA1_Channel5_IRQHandler
                0x00000000080035e0                EXTI4_IRQHandler
                0x00000000080035e0                TIM1_TRG_COM_TIM17_IRQHandler
                0x00000000080035e0                DMA1_Channel3_IRQHandler
                0x00000000080035e0                WWDG_IRQHandler
                0x00000000080035e0                EXTI1_IRQHandler
                0x00000000080035e0                COMP4_6_IRQHandler
                0x00000000080035e0                USART2_IRQHandler
                0x00000000080035e0                DMA1_Channel2_IRQHandler
                0x00000000080035e0                FLASH_IRQHandler
                0x00000000080035e0                USART1_IRQHandler
                0x00000000080035e0                CAN_RX0_IRQHandler
                0x00000000080035e0                I2C1_ER_IRQHandler
                0x00000000080035e0                EXTI2_TSC_IRQHandler
                0x00000000080035e0                TIM1_BRK_TIM15_IRQHandler
 *fill*         0x00000000080035e2        0x2 
 .text.LL_EXTI_EnableIT_0_31
                0x00000000080035e4       0x24 ./Drivers/STM32F3xx_HAL_Driver/Src/stm32f3xx_ll_exti.o
 .text.LL_EXTI_EnableIT_32_63
                0x0000000008003608       0x24 ./Drivers/STM32F3xx_HAL_Driver/Src/stm32f3xx_ll_exti.o
 .text.LL_EXTI_DisableIT_0_31
                0x000000000800362c       0x28 ./Drivers/STM32F3xx_HAL_Driver/Src/stm32f3xx_ll_exti.o
 .text.LL_EXTI_DisableIT_32_63
                0x0000000008003654       0x28 ./Drivers/STM32F3xx_HAL_Driver/Src/stm32f3xx_ll_exti.o
 .text.LL_EXTI_EnableEvent_0_31
                0x000000000800367c       0x24 ./Drivers/STM32F3xx_HAL_Driver/Src/stm32f3xx_ll_exti.o
 .text.LL_EXTI_EnableEvent_32_63
                0x00000000080036a0       0x24 ./Drivers/STM32F3xx_HAL_Driver/Src/stm32f3xx_ll_exti.o
 .text.LL_EXTI_DisableEvent_0_31
                0x00000000080036c4       0x28 ./Drivers/STM32F3xx_HAL_Driver/Src/stm32f3xx_ll_exti.o
 .text.LL_EXTI_DisableEvent_32_63
                0x00000000080036ec       0x28 ./Drivers/STM32F3xx_HAL_Driver/Src/stm32f3xx_ll_exti.o
 .text.LL_EXTI_EnableRisingTrig_0_31
                0x0000000008003714       0x24 ./Drivers/STM32F3xx_HAL_Driver/Src/stm32f3xx_ll_exti.o
 .text.LL_EXTI_EnableRisingTrig_32_63
                0x0000000008003738       0x24 ./Drivers/STM32F3xx_HAL_Driver/Src/stm32f3xx_ll_exti.o
 .text.LL_EXTI_DisableRisingTrig_0_31
                0x000000000800375c       0x28 ./Drivers/STM32F3xx_HAL_Driver/Src/stm32f3xx_ll_exti.o
 .text.LL_EXTI_DisableRisingTrig_32_63
                0x0000000008003784       0x28 ./Drivers/STM32F3xx_HAL_Driver/Src/stm32f3xx_ll_exti.o
 .text.LL_EXTI_EnableFallingTrig_0_31
                0x00000000080037ac       0x24 ./Drivers/STM32F3xx_HAL_Driver/Src/stm32f3xx_ll_exti.o
 .text.LL_EXTI_EnableFallingTrig_32_63
                0x00000000080037d0       0x24 ./Drivers/STM32F3xx_HAL_Driver/Src/stm32f3xx_ll_exti.o
 .text.LL_EXTI_DisableFallingTrig_0_31
                0x00000000080037f4       0x28 ./Drivers/STM32F3xx_HAL_Driver/Src/stm32f3xx_ll_exti.o
 .text.LL_EXTI_DisableFallingTrig_32_63
                0x000000000800381c       0x28 ./Drivers/STM32F3xx_HAL_Driver/Src/stm32f3xx_ll_exti.o
 .text.LL_EXTI_Init
                0x0000000008003844      0x1e6 ./Drivers/STM32F3xx_HAL_Driver/Src/stm32f3xx_ll_exti.o
                0x0000000008003844                LL_EXTI_Init
 .text.LL_GPIO_SetPinMode
                0x0000000008003a2a       0x5e ./Drivers/STM32F3xx_HAL_Driver/Src/stm32f3xx_ll_gpio.o
 .text.LL_GPIO_SetPinOutputType
                0x0000000008003a88       0x30 ./Drivers/STM32F3xx_HAL_Driver/Src/stm32f3xx_ll_gpio.o
 .text.LL_GPIO_SetPinSpeed
                0x0000000008003ab8       0x5e ./Drivers/STM32F3xx_HAL_Driver/Src/stm32f3xx_ll_gpio.o
 .text.LL_GPIO_SetPinPull
                0x0000000008003b16       0x5e ./Drivers/STM32F3xx_HAL_Driver/Src/stm32f3xx_ll_gpio.o
 .text.LL_GPIO_SetAFPin_0_7
                0x0000000008003b74       0x5e ./Drivers/STM32F3xx_HAL_Driver/Src/stm32f3xx_ll_gpio.o
 .text.LL_GPIO_SetAFPin_8_15
                0x0000000008003bd2       0x62 ./Drivers/STM32F3xx_HAL_Driver/Src/stm32f3xx_ll_gpio.o
 .text.LL_GPIO_Init
                0x0000000008003c34       0xe0 ./Drivers/STM32F3xx_HAL_Driver/Src/stm32f3xx_ll_gpio.o
                0x0000000008003c34                LL_GPIO_Init
 .text.LL_I2C_Enable
                0x0000000008003d14       0x20 ./Drivers/STM32F3xx_HAL_Driver/Src/stm32f3xx_ll_i2c.o
 .text.LL_I2C_Disable
                0x0000000008003d34       0x20 ./Drivers/STM32F3xx_HAL_Driver/Src/stm32f3xx_ll_i2c.o
 .text.LL_I2C_ConfigFilters
                0x0000000008003d54       0x2e ./Drivers/STM32F3xx_HAL_Driver/Src/stm32f3xx_ll_i2c.o
 .text.LL_I2C_SetOwnAddress1
                0x0000000008003d82       0x30 ./Drivers/STM32F3xx_HAL_Driver/Src/stm32f3xx_ll_i2c.o
 .text.LL_I2C_EnableOwnAddress1
                0x0000000008003db2       0x20 ./Drivers/STM32F3xx_HAL_Driver/Src/stm32f3xx_ll_i2c.o
 .text.LL_I2C_DisableOwnAddress1
                0x0000000008003dd2       0x20 ./Drivers/STM32F3xx_HAL_Driver/Src/stm32f3xx_ll_i2c.o
 .text.LL_I2C_SetTiming
                0x0000000008003df2       0x1c ./Drivers/STM32F3xx_HAL_Driver/Src/stm32f3xx_ll_i2c.o
 .text.LL_I2C_SetMode
                0x0000000008003e0e       0x26 ./Drivers/STM32F3xx_HAL_Driver/Src/stm32f3xx_ll_i2c.o
 .text.LL_I2C_AcknowledgeNextData
                0x0000000008003e34       0x26 ./Drivers/STM32F3xx_HAL_Driver/Src/stm32f3xx_ll_i2c.o
 .text.LL_I2C_Init
                0x0000000008003e5a       0x78 ./Drivers/STM32F3xx_HAL_Driver/Src/stm32f3xx_ll_i2c.o
                0x0000000008003e5a                LL_I2C_Init
 .text.LL_TIM_SetPrescaler
                0x0000000008003ed2       0x1c ./Drivers/STM32F3xx_HAL_Driver/Src/stm32f3xx_ll_tim.o
 .text.LL_TIM_SetAutoReload
                0x0000000008003eee       0x1c ./Drivers/STM32F3xx_HAL_Driver/Src/stm32f3xx_ll_tim.o
 .text.LL_TIM_SetRepetitionCounter
                0x0000000008003f0a       0x1c ./Drivers/STM32F3xx_HAL_Driver/Src/stm32f3xx_ll_tim.o
 .text.LL_TIM_OC_SetCompareCH1
                0x0000000008003f26       0x1c ./Drivers/STM32F3xx_HAL_Driver/Src/stm32f3xx_ll_tim.o
 .text.LL_TIM_OC_SetCompareCH2
                0x0000000008003f42       0x1c ./Drivers/STM32F3xx_HAL_Driver/Src/stm32f3xx_ll_tim.o
 .text.LL_TIM_OC_SetCompareCH3
                0x0000000008003f5e       0x1c ./Drivers/STM32F3xx_HAL_Driver/Src/stm32f3xx_ll_tim.o
 .text.LL_TIM_OC_SetCompareCH4
                0x0000000008003f7a       0x1c ./Drivers/STM32F3xx_HAL_Driver/Src/stm32f3xx_ll_tim.o
 .text.LL_TIM_OC_SetCompareCH5
                0x0000000008003f96       0x20 ./Drivers/STM32F3xx_HAL_Driver/Src/stm32f3xx_ll_tim.o
 .text.LL_TIM_OC_SetCompareCH6
                0x0000000008003fb6       0x1c ./Drivers/STM32F3xx_HAL_Driver/Src/stm32f3xx_ll_tim.o
 .text.LL_TIM_GenerateEvent_UPDATE
                0x0000000008003fd2       0x20 ./Drivers/STM32F3xx_HAL_Driver/Src/stm32f3xx_ll_tim.o
 *fill*         0x0000000008003ff2        0x2 
 .text.LL_TIM_Init
                0x0000000008003ff4       0xe4 ./Drivers/STM32F3xx_HAL_Driver/Src/stm32f3xx_ll_tim.o
                0x0000000008003ff4                LL_TIM_Init
 .text.LL_TIM_OC_Init
                0x00000000080040d8       0xbe ./Drivers/STM32F3xx_HAL_Driver/Src/stm32f3xx_ll_tim.o
                0x00000000080040d8                LL_TIM_OC_Init
 *fill*         0x0000000008004196        0x2 
 .text.OC1Config
                0x0000000008004198       0xf4 ./Drivers/STM32F3xx_HAL_Driver/Src/stm32f3xx_ll_tim.o
 .text.OC2Config
                0x000000000800428c       0xfc ./Drivers/STM32F3xx_HAL_Driver/Src/stm32f3xx_ll_tim.o
 .text.OC3Config
                0x0000000008004388       0xfc ./Drivers/STM32F3xx_HAL_Driver/Src/stm32f3xx_ll_tim.o
 .text.OC4Config
                0x0000000008004484       0xcc ./Drivers/STM32F3xx_HAL_Driver/Src/stm32f3xx_ll_tim.o
 .text.OC5Config
                0x0000000008004550       0xbc ./Drivers/STM32F3xx_HAL_Driver/Src/stm32f3xx_ll_tim.o
 .text.OC6Config
                0x000000000800460c       0xbc ./Drivers/STM32F3xx_HAL_Driver/Src/stm32f3xx_ll_tim.o
 .text.LL_InitTick
                0x00000000080046c8       0x34 ./Drivers/STM32F3xx_HAL_Driver/Src/stm32f3xx_ll_utils.o
 .text.LL_Init1msTick
                0x00000000080046fc       0x1a ./Drivers/STM32F3xx_HAL_Driver/Src/stm32f3xx_ll_utils.o
                0x00000000080046fc                LL_Init1msTick
 *fill*         0x0000000008004716        0x2 
 .text.LL_mDelay
                0x0000000008004718       0x4c ./Drivers/STM32F3xx_HAL_Driver/Src/stm32f3xx_ll_utils.o
                0x0000000008004718                LL_mDelay
 .text.LL_SetSystemCoreClock
                0x0000000008004764       0x20 ./Drivers/STM32F3xx_HAL_Driver/Src/stm32f3xx_ll_utils.o
                0x0000000008004764                LL_SetSystemCoreClock
 .text.__errno  0x0000000008004784        0xc c:/st/stm32cubeide_1.6.1/stm32cubeide/plugins/com.st.stm32cube.ide.mcu.externaltools.gnu-tools-for-stm32.9-2020-q2-update.win32_2.0.0.202105311346/tools/bin/../lib/gcc/arm-none-eabi/9.3.1/../../../../arm-none-eabi/lib/thumb/v7e-m+fp/hard\libc_nano.a(lib_a-errno.o)
                0x0000000008004784                __errno
 .text.__libc_init_array
                0x0000000008004790       0x48 c:/st/stm32cubeide_1.6.1/stm32cubeide/plugins/com.st.stm32cube.ide.mcu.externaltools.gnu-tools-for-stm32.9-2020-q2-update.win32_2.0.0.202105311346/tools/bin/../lib/gcc/arm-none-eabi/9.3.1/../../../../arm-none-eabi/lib/thumb/v7e-m+fp/hard\libc_nano.a(lib_a-init.o)
                0x0000000008004790                __libc_init_array
 .text.memset   0x00000000080047d8       0x10 c:/st/stm32cubeide_1.6.1/stm32cubeide/plugins/com.st.stm32cube.ide.mcu.externaltools.gnu-tools-for-stm32.9-2020-q2-update.win32_2.0.0.202105311346/tools/bin/../lib/gcc/arm-none-eabi/9.3.1/../../../../arm-none-eabi/lib/thumb/v7e-m+fp/hard\libc_nano.a(lib_a-memset.o)
                0x00000000080047d8                memset
 .text.pow      0x00000000080047e8      0x15c c:/st/stm32cubeide_1.6.1/stm32cubeide/plugins/com.st.stm32cube.ide.mcu.externaltools.gnu-tools-for-stm32.9-2020-q2-update.win32_2.0.0.202105311346/tools/bin/../lib/gcc/arm-none-eabi/9.3.1/../../../../arm-none-eabi/lib/thumb/v7e-m+fp/hard\libm.a(lib_a-w_pow.o)
                0x00000000080047e8                pow
 *fill*         0x0000000008004944        0x4 
 .text.__ieee754_pow
                0x0000000008004948      0xa44 c:/st/stm32cubeide_1.6.1/stm32cubeide/plugins/com.st.stm32cube.ide.mcu.externaltools.gnu-tools-for-stm32.9-2020-q2-update.win32_2.0.0.202105311346/tools/bin/../lib/gcc/arm-none-eabi/9.3.1/../../../../arm-none-eabi/lib/thumb/v7e-m+fp/hard\libm.a(lib_a-e_pow.o)
                0x0000000008004948                __ieee754_pow
 .text.__ieee754_sqrt
                0x000000000800538c      0x168 c:/st/stm32cubeide_1.6.1/stm32cubeide/plugins/com.st.stm32cube.ide.mcu.externaltools.gnu-tools-for-stm32.9-2020-q2-update.win32_2.0.0.202105311346/tools/bin/../lib/gcc/arm-none-eabi/9.3.1/../../../../arm-none-eabi/lib/thumb/v7e-m+fp/hard\libm.a(lib_a-e_sqrt.o)
                0x000000000800538c                __ieee754_sqrt
 .text.fabs     0x00000000080054f4       0x12 c:/st/stm32cubeide_1.6.1/stm32cubeide/plugins/com.st.stm32cube.ide.mcu.externaltools.gnu-tools-for-stm32.9-2020-q2-update.win32_2.0.0.202105311346/tools/bin/../lib/gcc/arm-none-eabi/9.3.1/../../../../arm-none-eabi/lib/thumb/v7e-m+fp/hard\libm.a(lib_a-s_fabs.o)
                0x00000000080054f4                fabs
 .text.finite   0x0000000008005506       0x16 c:/st/stm32cubeide_1.6.1/stm32cubeide/plugins/com.st.stm32cube.ide.mcu.externaltools.gnu-tools-for-stm32.9-2020-q2-update.win32_2.0.0.202105311346/tools/bin/../lib/gcc/arm-none-eabi/9.3.1/../../../../arm-none-eabi/lib/thumb/v7e-m+fp/hard\libm.a(lib_a-s_finite.o)
                0x0000000008005506                finite
 *fill*         0x000000000800551c        0x4 
 .text.nan      0x0000000008005520       0x10 c:/st/stm32cubeide_1.6.1/stm32cubeide/plugins/com.st.stm32cube.ide.mcu.externaltools.gnu-tools-for-stm32.9-2020-q2-update.win32_2.0.0.202105311346/tools/bin/../lib/gcc/arm-none-eabi/9.3.1/../../../../arm-none-eabi/lib/thumb/v7e-m+fp/hard\libm.a(lib_a-s_nan.o)
                0x0000000008005520                nan
 .text.rint     0x0000000008005530      0x114 c:/st/stm32cubeide_1.6.1/stm32cubeide/plugins/com.st.stm32cube.ide.mcu.externaltools.gnu-tools-for-stm32.9-2020-q2-update.win32_2.0.0.202105311346/tools/bin/../lib/gcc/arm-none-eabi/9.3.1/../../../../arm-none-eabi/lib/thumb/v7e-m+fp/hard\libm.a(lib_a-s_rint.o)
                0x0000000008005530                rint
 *fill*         0x0000000008005644        0x4 
 .text.scalbn   0x0000000008005648      0x10c c:/st/stm32cubeide_1.6.1/stm32cubeide/plugins/com.st.stm32cube.ide.mcu.externaltools.gnu-tools-for-stm32.9-2020-q2-update.win32_2.0.0.202105311346/tools/bin/../lib/gcc/arm-none-eabi/9.3.1/../../../../arm-none-eabi/lib/thumb/v7e-m+fp/hard\libm.a(lib_a-s_scalbn.o)
                0x0000000008005648                scalbn
 *(.glue_7)
 .glue_7        0x0000000008005754        0x0 linker stubs
 *(.glue_7t)
 .glue_7t       0x0000000008005754        0x0 linker stubs
 *(.eh_frame)
 .eh_frame      0x0000000008005754        0x0 c:/st/stm32cubeide_1.6.1/stm32cubeide/plugins/com.st.stm32cube.ide.mcu.externaltools.gnu-tools-for-stm32.9-2020-q2-update.win32_2.0.0.202105311346/tools/bin/../lib/gcc/arm-none-eabi/9.3.1/thumb/v7e-m+fp/hard/crtbegin.o
 *(.init)
 .init          0x0000000008005754        0x4 c:/st/stm32cubeide_1.6.1/stm32cubeide/plugins/com.st.stm32cube.ide.mcu.externaltools.gnu-tools-for-stm32.9-2020-q2-update.win32_2.0.0.202105311346/tools/bin/../lib/gcc/arm-none-eabi/9.3.1/thumb/v7e-m+fp/hard/crti.o
                0x0000000008005754                _init
 .init          0x0000000008005758        0x8 c:/st/stm32cubeide_1.6.1/stm32cubeide/plugins/com.st.stm32cube.ide.mcu.externaltools.gnu-tools-for-stm32.9-2020-q2-update.win32_2.0.0.202105311346/tools/bin/../lib/gcc/arm-none-eabi/9.3.1/thumb/v7e-m+fp/hard/crtn.o
 *(.fini)
 .fini          0x0000000008005760        0x4 c:/st/stm32cubeide_1.6.1/stm32cubeide/plugins/com.st.stm32cube.ide.mcu.externaltools.gnu-tools-for-stm32.9-2020-q2-update.win32_2.0.0.202105311346/tools/bin/../lib/gcc/arm-none-eabi/9.3.1/thumb/v7e-m+fp/hard/crti.o
                0x0000000008005760                _fini
 .fini          0x0000000008005764        0x8 c:/st/stm32cubeide_1.6.1/stm32cubeide/plugins/com.st.stm32cube.ide.mcu.externaltools.gnu-tools-for-stm32.9-2020-q2-update.win32_2.0.0.202105311346/tools/bin/../lib/gcc/arm-none-eabi/9.3.1/thumb/v7e-m+fp/hard/crtn.o
                0x000000000800576c                . = ALIGN (0x4)
                0x000000000800576c                _etext = .

.vfp11_veneer   0x000000000800576c        0x0
 .vfp11_veneer  0x000000000800576c        0x0 linker stubs

.v4_bx          0x000000000800576c        0x0
 .v4_bx         0x000000000800576c        0x0 linker stubs

.iplt           0x000000000800576c        0x0
 .iplt          0x000000000800576c        0x0 c:/st/stm32cubeide_1.6.1/stm32cubeide/plugins/com.st.stm32cube.ide.mcu.externaltools.gnu-tools-for-stm32.9-2020-q2-update.win32_2.0.0.202105311346/tools/bin/../lib/gcc/arm-none-eabi/9.3.1/thumb/v7e-m+fp/hard/crtbegin.o

.rodata         0x0000000008005770       0x60
                0x0000000008005770                . = ALIGN (0x4)
 *(.rodata)
 *(.rodata*)
 .rodata.textLength
                0x0000000008005770        0x4 ./Core/Src/main.o
                0x0000000008005770                textLength
 .rodata.OFFSET_TAB_CCMRx
                0x0000000008005774        0x9 ./Core/Src/tim.o
 *fill*         0x000000000800577d        0x3 
 .rodata.SHIFT_TAB_OCxx
                0x0000000008005780        0x9 ./Core/Src/tim.o
 .rodata.__ieee754_pow.str1.1
                0x0000000008005789        0x1 c:/st/stm32cubeide_1.6.1/stm32cubeide/plugins/com.st.stm32cube.ide.mcu.externaltools.gnu-tools-for-stm32.9-2020-q2-update.win32_2.0.0.202105311346/tools/bin/../lib/gcc/arm-none-eabi/9.3.1/../../../../arm-none-eabi/lib/thumb/v7e-m+fp/hard\libm.a(lib_a-e_pow.o)
 *fill*         0x000000000800578a        0x6 
 .rodata.bp     0x0000000008005790       0x10 c:/st/stm32cubeide_1.6.1/stm32cubeide/plugins/com.st.stm32cube.ide.mcu.externaltools.gnu-tools-for-stm32.9-2020-q2-update.win32_2.0.0.202105311346/tools/bin/../lib/gcc/arm-none-eabi/9.3.1/../../../../arm-none-eabi/lib/thumb/v7e-m+fp/hard\libm.a(lib_a-e_pow.o)
 .rodata.dp_h   0x00000000080057a0       0x10 c:/st/stm32cubeide_1.6.1/stm32cubeide/plugins/com.st.stm32cube.ide.mcu.externaltools.gnu-tools-for-stm32.9-2020-q2-update.win32_2.0.0.202105311346/tools/bin/../lib/gcc/arm-none-eabi/9.3.1/../../../../arm-none-eabi/lib/thumb/v7e-m+fp/hard\libm.a(lib_a-e_pow.o)
 .rodata.dp_l   0x00000000080057b0       0x10 c:/st/stm32cubeide_1.6.1/stm32cubeide/plugins/com.st.stm32cube.ide.mcu.externaltools.gnu-tools-for-stm32.9-2020-q2-update.win32_2.0.0.202105311346/tools/bin/../lib/gcc/arm-none-eabi/9.3.1/../../../../arm-none-eabi/lib/thumb/v7e-m+fp/hard\libm.a(lib_a-e_pow.o)
 .rodata.TWO52  0x00000000080057c0       0x10 c:/st/stm32cubeide_1.6.1/stm32cubeide/plugins/com.st.stm32cube.ide.mcu.externaltools.gnu-tools-for-stm32.9-2020-q2-update.win32_2.0.0.202105311346/tools/bin/../lib/gcc/arm-none-eabi/9.3.1/../../../../arm-none-eabi/lib/thumb/v7e-m+fp/hard\libm.a(lib_a-s_rint.o)
                0x00000000080057d0                . = ALIGN (0x4)

.rel.dyn        0x00000000080057d0        0x0
 .rel.iplt      0x00000000080057d0        0x0 c:/st/stm32cubeide_1.6.1/stm32cubeide/plugins/com.st.stm32cube.ide.mcu.externaltools.gnu-tools-for-stm32.9-2020-q2-update.win32_2.0.0.202105311346/tools/bin/../lib/gcc/arm-none-eabi/9.3.1/thumb/v7e-m+fp/hard/crtbegin.o

.ARM.extab      0x00000000080057d0        0x0
                0x00000000080057d0                . = ALIGN (0x4)
 *(.ARM.extab* .gnu.linkonce.armextab.*)
                0x00000000080057d0                . = ALIGN (0x4)

.ARM            0x00000000080057d0        0x0
                0x00000000080057d0                . = ALIGN (0x4)
                0x00000000080057d0                __exidx_start = .
 *(.ARM.exidx*)
                0x00000000080057d0                __exidx_end = .
                0x00000000080057d0                . = ALIGN (0x4)

.preinit_array  0x00000000080057d0        0x0
                0x00000000080057d0                . = ALIGN (0x4)
                0x00000000080057d0                PROVIDE (__preinit_array_start = .)
 *(.preinit_array*)
                0x00000000080057d0                PROVIDE (__preinit_array_end = .)
                0x00000000080057d0                . = ALIGN (0x4)

.init_array     0x00000000080057d0        0x4
                0x00000000080057d0                . = ALIGN (0x4)
                0x00000000080057d0                PROVIDE (__init_array_start = .)
 *(SORT_BY_NAME(.init_array.*))
 *(.init_array*)
 .init_array    0x00000000080057d0        0x4 c:/st/stm32cubeide_1.6.1/stm32cubeide/plugins/com.st.stm32cube.ide.mcu.externaltools.gnu-tools-for-stm32.9-2020-q2-update.win32_2.0.0.202105311346/tools/bin/../lib/gcc/arm-none-eabi/9.3.1/thumb/v7e-m+fp/hard/crtbegin.o
                0x00000000080057d4                PROVIDE (__init_array_end = .)
                0x00000000080057d4                . = ALIGN (0x4)

.fini_array     0x00000000080057d4        0x4
                0x00000000080057d4                . = ALIGN (0x4)
                [!provide]                        PROVIDE (__fini_array_start = .)
 *(SORT_BY_NAME(.fini_array.*))
 *(.fini_array*)
 .fini_array    0x00000000080057d4        0x4 c:/st/stm32cubeide_1.6.1/stm32cubeide/plugins/com.st.stm32cube.ide.mcu.externaltools.gnu-tools-for-stm32.9-2020-q2-update.win32_2.0.0.202105311346/tools/bin/../lib/gcc/arm-none-eabi/9.3.1/thumb/v7e-m+fp/hard/crtbegin.o
                [!provide]                        PROVIDE (__fini_array_end = .)
                0x00000000080057d8                . = ALIGN (0x4)
                0x00000000080057d8                _sidata = LOADADDR (.data)

.data           0x0000000020000000       0x70 load address 0x00000000080057d8
                0x0000000020000000                . = ALIGN (0x4)
                0x0000000020000000                _sdata = .
 *(.data)
 *(.data*)
 .data.HTS221_address
                0x0000000020000000        0x1 ./Core/Src/HTS221.o
                0x0000000020000000                HTS221_address
 .data.LPS25HB_address
                0x0000000020000001        0x1 ./Core/Src/LPS25HB.o
                0x0000000020000001                LPS25HB_address
 .data.shiftDirection
                0x0000000020000002        0x1 ./Core/Src/main.o
                0x0000000020000002                shiftDirection
 *fill*         0x0000000020000003        0x1 
 .data.SystemCoreClock
                0x0000000020000004        0x4 ./Core/Src/system_stm32f3xx.o
                0x0000000020000004                SystemCoreClock
 .data._impure_ptr
                0x0000000020000008        0x4 c:/st/stm32cubeide_1.6.1/stm32cubeide/plugins/com.st.stm32cube.ide.mcu.externaltools.gnu-tools-for-stm32.9-2020-q2-update.win32_2.0.0.202105311346/tools/bin/../lib/gcc/arm-none-eabi/9.3.1/../../../../arm-none-eabi/lib/thumb/v7e-m+fp/hard\libc_nano.a(lib_a-impure.o)
                0x0000000020000008                _impure_ptr
 .data.impure_data
                0x000000002000000c       0x60 c:/st/stm32cubeide_1.6.1/stm32cubeide/plugins/com.st.stm32cube.ide.mcu.externaltools.gnu-tools-for-stm32.9-2020-q2-update.win32_2.0.0.202105311346/tools/bin/../lib/gcc/arm-none-eabi/9.3.1/../../../../arm-none-eabi/lib/thumb/v7e-m+fp/hard\libc_nano.a(lib_a-impure.o)
 .data.__fdlib_version
                0x000000002000006c        0x1 c:/st/stm32cubeide_1.6.1/stm32cubeide/plugins/com.st.stm32cube.ide.mcu.externaltools.gnu-tools-for-stm32.9-2020-q2-update.win32_2.0.0.202105311346/tools/bin/../lib/gcc/arm-none-eabi/9.3.1/../../../../arm-none-eabi/lib/thumb/v7e-m+fp/hard\libm.a(lib_a-s_lib_ver.o)
                0x000000002000006c                __fdlib_version
 *(.RamFunc)
 *(.RamFunc*)
                0x0000000020000070                . = ALIGN (0x4)
 *fill*         0x000000002000006d        0x3 
                0x0000000020000070                _edata = .
                0x0000000008005848                _siccmram = LOADADDR (.ccmram)

.igot.plt       0x0000000020000070        0x0 load address 0x0000000008005848
 .igot.plt      0x0000000020000070        0x0 c:/st/stm32cubeide_1.6.1/stm32cubeide/plugins/com.st.stm32cube.ide.mcu.externaltools.gnu-tools-for-stm32.9-2020-q2-update.win32_2.0.0.202105311346/tools/bin/../lib/gcc/arm-none-eabi/9.3.1/thumb/v7e-m+fp/hard/crtbegin.o

.ccmram         0x0000000010000000        0x0 load address 0x0000000008005848
                0x0000000010000000                . = ALIGN (0x4)
                0x0000000010000000                _sccmram = .
 *(.ccmram)
 *(.ccmram*)
                0x0000000010000000                . = ALIGN (0x4)
                0x0000000010000000                _eccmram = .
                0x0000000010000000                . = ALIGN (0x4)

.bss            0x0000000020000070       0x54
                0x0000000020000070                _sbss = .
                0x0000000020000070                __bss_start__ = _sbss
 *(.bss)
 .bss           0x0000000020000070       0x1c c:/st/stm32cubeide_1.6.1/stm32cubeide/plugins/com.st.stm32cube.ide.mcu.externaltools.gnu-tools-for-stm32.9-2020-q2-update.win32_2.0.0.202105311346/tools/bin/../lib/gcc/arm-none-eabi/9.3.1/thumb/v7e-m+fp/hard/crtbegin.o
 *(.bss*)
 .bss.end_of_read_flag
                0x000000002000008c        0x1 ./Core/Src/i2c.o
                0x000000002000008c                end_of_read_flag
 .bss.ubReceiveIndex
                0x000000002000008d        0x1 ./Core/Src/i2c.o
                0x000000002000008d                ubReceiveIndex
 .bss.digitCycle
                0x000000002000008e        0x1 ./Core/Src/main.o
                0x000000002000008e                digitCycle
 .bss.textPosition
                0x000000002000008f        0x1 ./Core/Src/main.o
                0x000000002000008f                textPosition
 .bss.actualParam
                0x0000000020000090        0x1 ./Core/Src/main.o
                0x0000000020000090                actualParam
 .bss.barometer_OK
                0x0000000020000091        0x1 ./Core/Src/main.o
                0x0000000020000091                barometer_OK
 .bss.humidity_OK
                0x0000000020000092        0x1 ./Core/Src/main.o
                0x0000000020000092                humidity_OK
 *fill*         0x0000000020000093        0x1 
 .bss.counter   0x0000000020000094        0x2 ./Core/Src/stm32f3xx_it.o
                0x0000000020000094                counter
 *(COMMON)
 *fill*         0x0000000020000096        0x2 
 COMMON         0x0000000020000098       0x10 ./Core/Src/HTS221.o
                0x0000000020000098                HTS221_TemperatureZero
                0x000000002000009c                HTS221_TemperatureSlope
                0x00000000200000a0                HTS221_HumidityZero
                0x00000000200000a4                HTS221_HumiditySlope
 COMMON         0x00000000200000a8        0x2 ./Core/Src/LPS25HB.o
                0x00000000200000a8                LPS25HB_PressureOffset
 *fill*         0x00000000200000aa        0x2 
 COMMON         0x00000000200000ac        0x4 ./Core/Src/i2c.o
                0x00000000200000ac                aReceiveBuffer_read
 COMMON         0x00000000200000b0       0x14 ./Core/Src/main.o
                0x00000000200000b0                activeParameter
                0x00000000200000b4                temperature
                0x00000000200000b8                pressure
                0x00000000200000bc                humidity
                0x00000000200000c0                altitude
                0x00000000200000c4                . = ALIGN (0x4)
                0x00000000200000c4                _ebss = .
                0x00000000200000c4                __bss_end__ = _ebss

._user_heap_stack
                0x00000000200000c4      0x604
                0x00000000200000c8                . = ALIGN (0x8)
 *fill*         0x00000000200000c4        0x4 
                [!provide]                        PROVIDE (end = .)
                0x00000000200000c8                PROVIDE (_end = .)
                0x00000000200002c8                . = (. + _Min_Heap_Size)
 *fill*         0x00000000200000c8      0x200 
                0x00000000200006c8                . = (. + _Min_Stack_Size)
 *fill*         0x00000000200002c8      0x400 
                0x00000000200006c8                . = ALIGN (0x8)

/DISCARD/
 libc.a(*)
 libm.a(*)
 libgcc.a(*)

.ARM.attributes
                0x0000000000000000       0x30
 *(.ARM.attributes)
 .ARM.attributes
                0x0000000000000000       0x1e c:/st/stm32cubeide_1.6.1/stm32cubeide/plugins/com.st.stm32cube.ide.mcu.externaltools.gnu-tools-for-stm32.9-2020-q2-update.win32_2.0.0.202105311346/tools/bin/../lib/gcc/arm-none-eabi/9.3.1/thumb/v7e-m+fp/hard/crti.o
 .ARM.attributes
                0x000000000000001e       0x34 c:/st/stm32cubeide_1.6.1/stm32cubeide/plugins/com.st.stm32cube.ide.mcu.externaltools.gnu-tools-for-stm32.9-2020-q2-update.win32_2.0.0.202105311346/tools/bin/../lib/gcc/arm-none-eabi/9.3.1/thumb/v7e-m+fp/hard/crtbegin.o
 .ARM.attributes
                0x0000000000000052       0x34 ./Core/Src/7segment.o
 .ARM.attributes
                0x0000000000000086       0x34 ./Core/Src/HTS221.o
 .ARM.attributes
                0x00000000000000ba       0x34 ./Core/Src/LPS25HB.o
 .ARM.attributes
                0x00000000000000ee       0x34 ./Core/Src/gpio.o
 .ARM.attributes
                0x0000000000000122       0x34 ./Core/Src/i2c.o
 .ARM.attributes
                0x0000000000000156       0x34 ./Core/Src/main.o
 .ARM.attributes
                0x000000000000018a       0x34 ./Core/Src/stm32f3xx_it.o
 .ARM.attributes
                0x00000000000001be       0x34 ./Core/Src/system_stm32f3xx.o
 .ARM.attributes
                0x00000000000001f2       0x34 ./Core/Src/tim.o
 .ARM.attributes
                0x0000000000000226       0x21 ./Core/Startup/startup_stm32f303k8tx.o
 .ARM.attributes
                0x0000000000000247       0x34 ./Drivers/STM32F3xx_HAL_Driver/Src/stm32f3xx_ll_exti.o
 .ARM.attributes
                0x000000000000027b       0x34 ./Drivers/STM32F3xx_HAL_Driver/Src/stm32f3xx_ll_gpio.o
 .ARM.attributes
                0x00000000000002af       0x34 ./Drivers/STM32F3xx_HAL_Driver/Src/stm32f3xx_ll_i2c.o
 .ARM.attributes
                0x00000000000002e3       0x34 ./Drivers/STM32F3xx_HAL_Driver/Src/stm32f3xx_ll_tim.o
 .ARM.attributes
                0x0000000000000317       0x34 ./Drivers/STM32F3xx_HAL_Driver/Src/stm32f3xx_ll_utils.o
 .ARM.attributes
                0x000000000000034b       0x34 c:/st/stm32cubeide_1.6.1/stm32cubeide/plugins/com.st.stm32cube.ide.mcu.externaltools.gnu-tools-for-stm32.9-2020-q2-update.win32_2.0.0.202105311346/tools/bin/../lib/gcc/arm-none-eabi/9.3.1/../../../../arm-none-eabi/lib/thumb/v7e-m+fp/hard\libc_nano.a(lib_a-errno.o)
 .ARM.attributes
                0x000000000000037f       0x32 c:/st/stm32cubeide_1.6.1/stm32cubeide/plugins/com.st.stm32cube.ide.mcu.externaltools.gnu-tools-for-stm32.9-2020-q2-update.win32_2.0.0.202105311346/tools/bin/../lib/gcc/arm-none-eabi/9.3.1/../../../../arm-none-eabi/lib/thumb/v7e-m+fp/hard\libc_nano.a(lib_a-impure.o)
 .ARM.attributes
                0x00000000000003b1       0x34 c:/st/stm32cubeide_1.6.1/stm32cubeide/plugins/com.st.stm32cube.ide.mcu.externaltools.gnu-tools-for-stm32.9-2020-q2-update.win32_2.0.0.202105311346/tools/bin/../lib/gcc/arm-none-eabi/9.3.1/../../../../arm-none-eabi/lib/thumb/v7e-m+fp/hard\libc_nano.a(lib_a-init.o)
 .ARM.attributes
                0x00000000000003e5       0x34 c:/st/stm32cubeide_1.6.1/stm32cubeide/plugins/com.st.stm32cube.ide.mcu.externaltools.gnu-tools-for-stm32.9-2020-q2-update.win32_2.0.0.202105311346/tools/bin/../lib/gcc/arm-none-eabi/9.3.1/../../../../arm-none-eabi/lib/thumb/v7e-m+fp/hard\libc_nano.a(lib_a-memset.o)
 .ARM.attributes
                0x0000000000000419       0x34 c:/st/stm32cubeide_1.6.1/stm32cubeide/plugins/com.st.stm32cube.ide.mcu.externaltools.gnu-tools-for-stm32.9-2020-q2-update.win32_2.0.0.202105311346/tools/bin/../lib/gcc/arm-none-eabi/9.3.1/../../../../arm-none-eabi/lib/thumb/v7e-m+fp/hard\libm.a(lib_a-w_pow.o)
 .ARM.attributes
                0x000000000000044d       0x34 c:/st/stm32cubeide_1.6.1/stm32cubeide/plugins/com.st.stm32cube.ide.mcu.externaltools.gnu-tools-for-stm32.9-2020-q2-update.win32_2.0.0.202105311346/tools/bin/../lib/gcc/arm-none-eabi/9.3.1/../../../../arm-none-eabi/lib/thumb/v7e-m+fp/hard\libm.a(lib_a-e_pow.o)
 .ARM.attributes
                0x0000000000000481       0x34 c:/st/stm32cubeide_1.6.1/stm32cubeide/plugins/com.st.stm32cube.ide.mcu.externaltools.gnu-tools-for-stm32.9-2020-q2-update.win32_2.0.0.202105311346/tools/bin/../lib/gcc/arm-none-eabi/9.3.1/../../../../arm-none-eabi/lib/thumb/v7e-m+fp/hard\libm.a(lib_a-e_sqrt.o)
 .ARM.attributes
                0x00000000000004b5       0x34 c:/st/stm32cubeide_1.6.1/stm32cubeide/plugins/com.st.stm32cube.ide.mcu.externaltools.gnu-tools-for-stm32.9-2020-q2-update.win32_2.0.0.202105311346/tools/bin/../lib/gcc/arm-none-eabi/9.3.1/../../../../arm-none-eabi/lib/thumb/v7e-m+fp/hard\libm.a(lib_a-s_fabs.o)
 .ARM.attributes
                0x00000000000004e9       0x34 c:/st/stm32cubeide_1.6.1/stm32cubeide/plugins/com.st.stm32cube.ide.mcu.externaltools.gnu-tools-for-stm32.9-2020-q2-update.win32_2.0.0.202105311346/tools/bin/../lib/gcc/arm-none-eabi/9.3.1/../../../../arm-none-eabi/lib/thumb/v7e-m+fp/hard\libm.a(lib_a-s_finite.o)
 .ARM.attributes
                0x000000000000051d       0x32 c:/st/stm32cubeide_1.6.1/stm32cubeide/plugins/com.st.stm32cube.ide.mcu.externaltools.gnu-tools-for-stm32.9-2020-q2-update.win32_2.0.0.202105311346/tools/bin/../lib/gcc/arm-none-eabi/9.3.1/../../../../arm-none-eabi/lib/thumb/v7e-m+fp/hard\libm.a(lib_a-s_lib_ver.o)
 .ARM.attributes
                0x000000000000054f       0x34 c:/st/stm32cubeide_1.6.1/stm32cubeide/plugins/com.st.stm32cube.ide.mcu.externaltools.gnu-tools-for-stm32.9-2020-q2-update.win32_2.0.0.202105311346/tools/bin/../lib/gcc/arm-none-eabi/9.3.1/../../../../arm-none-eabi/lib/thumb/v7e-m+fp/hard\libm.a(lib_a-s_nan.o)
 .ARM.attributes
                0x0000000000000583       0x34 c:/st/stm32cubeide_1.6.1/stm32cubeide/plugins/com.st.stm32cube.ide.mcu.externaltools.gnu-tools-for-stm32.9-2020-q2-update.win32_2.0.0.202105311346/tools/bin/../lib/gcc/arm-none-eabi/9.3.1/../../../../arm-none-eabi/lib/thumb/v7e-m+fp/hard\libm.a(lib_a-s_rint.o)
 .ARM.attributes
                0x00000000000005b7       0x34 c:/st/stm32cubeide_1.6.1/stm32cubeide/plugins/com.st.stm32cube.ide.mcu.externaltools.gnu-tools-for-stm32.9-2020-q2-update.win32_2.0.0.202105311346/tools/bin/../lib/gcc/arm-none-eabi/9.3.1/../../../../arm-none-eabi/lib/thumb/v7e-m+fp/hard\libm.a(lib_a-s_scalbn.o)
 .ARM.attributes
                0x00000000000005eb       0x1e c:/st/stm32cubeide_1.6.1/stm32cubeide/plugins/com.st.stm32cube.ide.mcu.externaltools.gnu-tools-for-stm32.9-2020-q2-update.win32_2.0.0.202105311346/tools/bin/../lib/gcc/arm-none-eabi/9.3.1/thumb/v7e-m+fp/hard\libgcc.a(_arm_addsubdf3.o)
 .ARM.attributes
                0x0000000000000609       0x1e c:/st/stm32cubeide_1.6.1/stm32cubeide/plugins/com.st.stm32cube.ide.mcu.externaltools.gnu-tools-for-stm32.9-2020-q2-update.win32_2.0.0.202105311346/tools/bin/../lib/gcc/arm-none-eabi/9.3.1/thumb/v7e-m+fp/hard\libgcc.a(_arm_muldivdf3.o)
 .ARM.attributes
                0x0000000000000627       0x1e c:/st/stm32cubeide_1.6.1/stm32cubeide/plugins/com.st.stm32cube.ide.mcu.externaltools.gnu-tools-for-stm32.9-2020-q2-update.win32_2.0.0.202105311346/tools/bin/../lib/gcc/arm-none-eabi/9.3.1/thumb/v7e-m+fp/hard\libgcc.a(_arm_cmpdf2.o)
 .ARM.attributes
                0x0000000000000645       0x1e c:/st/stm32cubeide_1.6.1/stm32cubeide/plugins/com.st.stm32cube.ide.mcu.externaltools.gnu-tools-for-stm32.9-2020-q2-update.win32_2.0.0.202105311346/tools/bin/../lib/gcc/arm-none-eabi/9.3.1/thumb/v7e-m+fp/hard\libgcc.a(_arm_unorddf2.o)
 .ARM.attributes
                0x0000000000000663       0x1e c:/st/stm32cubeide_1.6.1/stm32cubeide/plugins/com.st.stm32cube.ide.mcu.externaltools.gnu-tools-for-stm32.9-2020-q2-update.win32_2.0.0.202105311346/tools/bin/../lib/gcc/arm-none-eabi/9.3.1/thumb/v7e-m+fp/hard\libgcc.a(_arm_truncdfsf2.o)
 .ARM.attributes
                0x0000000000000681       0x1e c:/st/stm32cubeide_1.6.1/stm32cubeide/plugins/com.st.stm32cube.ide.mcu.externaltools.gnu-tools-for-stm32.9-2020-q2-update.win32_2.0.0.202105311346/tools/bin/../lib/gcc/arm-none-eabi/9.3.1/thumb/v7e-m+fp/hard/crtn.o
OUTPUT(cv9.elf elf32-littlearm)
LOAD linker stubs
LOAD c:/st/stm32cubeide_1.6.1/stm32cubeide/plugins/com.st.stm32cube.ide.mcu.externaltools.gnu-tools-for-stm32.9-2020-q2-update.win32_2.0.0.202105311346/tools/bin/../lib/gcc/arm-none-eabi/9.3.1/../../../../arm-none-eabi/lib/thumb/v7e-m+fp/hard\libc.a
LOAD c:/st/stm32cubeide_1.6.1/stm32cubeide/plugins/com.st.stm32cube.ide.mcu.externaltools.gnu-tools-for-stm32.9-2020-q2-update.win32_2.0.0.202105311346/tools/bin/../lib/gcc/arm-none-eabi/9.3.1/../../../../arm-none-eabi/lib/thumb/v7e-m+fp/hard\libm.a
LOAD c:/st/stm32cubeide_1.6.1/stm32cubeide/plugins/com.st.stm32cube.ide.mcu.externaltools.gnu-tools-for-stm32.9-2020-q2-update.win32_2.0.0.202105311346/tools/bin/../lib/gcc/arm-none-eabi/9.3.1/thumb/v7e-m+fp/hard\libgcc.a

.debug_info     0x0000000000000000     0x8d65
 .debug_info    0x0000000000000000     0x11a5 ./Core/Src/7segment.o
 .debug_info    0x00000000000011a5      0x3fd ./Core/Src/HTS221.o
 .debug_info    0x00000000000015a2      0x2e6 ./Core/Src/LPS25HB.o
 .debug_info    0x0000000000001888      0xd02 ./Core/Src/gpio.o
 .debug_info    0x000000000000258a      0xe66 ./Core/Src/i2c.o
 .debug_info    0x00000000000033f0     0x1577 ./Core/Src/main.o
 .debug_info    0x0000000000004967      0x71b ./Core/Src/stm32f3xx_it.o
 .debug_info    0x0000000000005082      0x439 ./Core/Src/system_stm32f3xx.o
 .debug_info    0x00000000000054bb      0xbf7 ./Core/Src/tim.o
 .debug_info    0x00000000000060b2       0x22 ./Core/Startup/startup_stm32f303k8tx.o
 .debug_info    0x00000000000060d4      0x59b ./Drivers/STM32F3xx_HAL_Driver/Src/stm32f3xx_ll_exti.o
 .debug_info    0x000000000000666f      0x7ce ./Drivers/STM32F3xx_HAL_Driver/Src/stm32f3xx_ll_gpio.o
 .debug_info    0x0000000000006e3d      0x601 ./Drivers/STM32F3xx_HAL_Driver/Src/stm32f3xx_ll_i2c.o
 .debug_info    0x000000000000743e     0x1092 ./Drivers/STM32F3xx_HAL_Driver/Src/stm32f3xx_ll_tim.o
 .debug_info    0x00000000000084d0      0x895 ./Drivers/STM32F3xx_HAL_Driver/Src/stm32f3xx_ll_utils.o

.debug_abbrev   0x0000000000000000     0x1ca3
 .debug_abbrev  0x0000000000000000      0x286 ./Core/Src/7segment.o
 .debug_abbrev  0x0000000000000286      0x116 ./Core/Src/HTS221.o
 .debug_abbrev  0x000000000000039c      0x130 ./Core/Src/LPS25HB.o
 .debug_abbrev  0x00000000000004cc      0x272 ./Core/Src/gpio.o
 .debug_abbrev  0x000000000000073e      0x256 ./Core/Src/i2c.o
 .debug_abbrev  0x0000000000000994      0x394 ./Core/Src/main.o
 .debug_abbrev  0x0000000000000d28      0x1c7 ./Core/Src/stm32f3xx_it.o
 .debug_abbrev  0x0000000000000eef      0x129 ./Core/Src/system_stm32f3xx.o
 .debug_abbrev  0x0000000000001018      0x1e9 ./Core/Src/tim.o
 .debug_abbrev  0x0000000000001201       0x12 ./Core/Startup/startup_stm32f303k8tx.o
 .debug_abbrev  0x0000000000001213      0x1c2 ./Drivers/STM32F3xx_HAL_Driver/Src/stm32f3xx_ll_exti.o
 .debug_abbrev  0x00000000000013d5      0x23b ./Drivers/STM32F3xx_HAL_Driver/Src/stm32f3xx_ll_gpio.o
 .debug_abbrev  0x0000000000001610      0x1a6 ./Drivers/STM32F3xx_HAL_Driver/Src/stm32f3xx_ll_i2c.o
 .debug_abbrev  0x00000000000017b6      0x22b ./Drivers/STM32F3xx_HAL_Driver/Src/stm32f3xx_ll_tim.o
 .debug_abbrev  0x00000000000019e1      0x2c2 ./Drivers/STM32F3xx_HAL_Driver/Src/stm32f3xx_ll_utils.o

.debug_aranges  0x0000000000000000      0x9c8
 .debug_aranges
                0x0000000000000000      0x1c0 ./Core/Src/7segment.o
 .debug_aranges
                0x00000000000001c0       0x50 ./Core/Src/HTS221.o
 .debug_aranges
                0x0000000000000210       0x40 ./Core/Src/LPS25HB.o
 .debug_aranges
                0x0000000000000250       0x70 ./Core/Src/gpio.o
 .debug_aranges
                0x00000000000002c0       0xd8 ./Core/Src/i2c.o
 .debug_aranges
                0x0000000000000398       0xe0 ./Core/Src/main.o
 .debug_aranges
                0x0000000000000478       0xa0 ./Core/Src/stm32f3xx_it.o
 .debug_aranges
                0x0000000000000518       0x28 ./Core/Src/system_stm32f3xx.o
 .debug_aranges
                0x0000000000000540       0x80 ./Core/Src/tim.o
 .debug_aranges
                0x00000000000005c0       0x28 ./Core/Startup/startup_stm32f303k8tx.o
 .debug_aranges
                0x00000000000005e8       0xb0 ./Drivers/STM32F3xx_HAL_Driver/Src/stm32f3xx_ll_exti.o
 .debug_aranges
                0x0000000000000698       0x70 ./Drivers/STM32F3xx_HAL_Driver/Src/stm32f3xx_ll_gpio.o
 .debug_aranges
                0x0000000000000708       0x88 ./Drivers/STM32F3xx_HAL_Driver/Src/stm32f3xx_ll_i2c.o
 .debug_aranges
                0x0000000000000790      0x148 ./Drivers/STM32F3xx_HAL_Driver/Src/stm32f3xx_ll_tim.o
 .debug_aranges
                0x00000000000008d8       0xf0 ./Drivers/STM32F3xx_HAL_Driver/Src/stm32f3xx_ll_utils.o

.debug_ranges   0x0000000000000000      0x8e0
 .debug_ranges  0x0000000000000000      0x1b0 ./Core/Src/7segment.o
 .debug_ranges  0x00000000000001b0       0x40 ./Core/Src/HTS221.o
 .debug_ranges  0x00000000000001f0       0x30 ./Core/Src/LPS25HB.o
 .debug_ranges  0x0000000000000220       0x60 ./Core/Src/gpio.o
 .debug_ranges  0x0000000000000280       0xc8 ./Core/Src/i2c.o
 .debug_ranges  0x0000000000000348       0xd0 ./Core/Src/main.o
 .debug_ranges  0x0000000000000418       0x90 ./Core/Src/stm32f3xx_it.o
 .debug_ranges  0x00000000000004a8       0x18 ./Core/Src/system_stm32f3xx.o
 .debug_ranges  0x00000000000004c0       0x70 ./Core/Src/tim.o
 .debug_ranges  0x0000000000000530       0x20 ./Core/Startup/startup_stm32f303k8tx.o
 .debug_ranges  0x0000000000000550       0xa0 ./Drivers/STM32F3xx_HAL_Driver/Src/stm32f3xx_ll_exti.o
 .debug_ranges  0x00000000000005f0       0x60 ./Drivers/STM32F3xx_HAL_Driver/Src/stm32f3xx_ll_gpio.o
 .debug_ranges  0x0000000000000650       0x78 ./Drivers/STM32F3xx_HAL_Driver/Src/stm32f3xx_ll_i2c.o
 .debug_ranges  0x00000000000006c8      0x138 ./Drivers/STM32F3xx_HAL_Driver/Src/stm32f3xx_ll_tim.o
 .debug_ranges  0x0000000000000800       0xe0 ./Drivers/STM32F3xx_HAL_Driver/Src/stm32f3xx_ll_utils.o

.debug_macro    0x0000000000000000    0x1725b
 .debug_macro   0x0000000000000000      0x1ef ./Core/Src/7segment.o
 .debug_macro   0x00000000000001ef      0xade ./Core/Src/7segment.o
 .debug_macro   0x0000000000000ccd       0x2e ./Core/Src/7segment.o
 .debug_macro   0x0000000000000cfb       0x28 ./Core/Src/7segment.o
 .debug_macro   0x0000000000000d23       0x22 ./Core/Src/7segment.o
 .debug_macro   0x0000000000000d45       0x8e ./Core/Src/7segment.o
 .debug_macro   0x0000000000000dd3       0x51 ./Core/Src/7segment.o
 .debug_macro   0x0000000000000e24      0x103 ./Core/Src/7segment.o
 .debug_macro   0x0000000000000f27       0x6a ./Core/Src/7segment.o
 .debug_macro   0x0000000000000f91      0x1df ./Core/Src/7segment.o
 .debug_macro   0x0000000000001170       0x1c ./Core/Src/7segment.o
 .debug_macro   0x000000000000118c       0x22 ./Core/Src/7segment.o
 .debug_macro   0x00000000000011ae       0xdf ./Core/Src/7segment.o
 .debug_macro   0x000000000000128d      0xf07 ./Core/Src/7segment.o
 .debug_macro   0x0000000000002194    0x10be0 ./Core/Src/7segment.o
 .debug_macro   0x0000000000012d74       0x6d ./Core/Src/7segment.o
 .debug_macro   0x0000000000012de1      0x248 ./Core/Src/7segment.o
 .debug_macro   0x0000000000013029      0x4c2 ./Core/Src/7segment.o
 .debug_macro   0x00000000000134eb       0xe1 ./Core/Src/7segment.o
 .debug_macro   0x00000000000135cc      0x29f ./Core/Src/7segment.o
 .debug_macro   0x000000000001386b       0xfe ./Core/Src/7segment.o
 .debug_macro   0x0000000000013969       0x28 ./Core/Src/7segment.o
 .debug_macro   0x0000000000013991       0x30 ./Core/Src/7segment.o
 .debug_macro   0x00000000000139c1       0xa8 ./Core/Src/7segment.o
 .debug_macro   0x0000000000013a69      0x287 ./Core/Src/7segment.o
 .debug_macro   0x0000000000013cf0      0x803 ./Core/Src/7segment.o
 .debug_macro   0x00000000000144f3      0x142 ./Core/Src/7segment.o
 .debug_macro   0x0000000000014635       0xd0 ./Core/Src/7segment.o
 .debug_macro   0x0000000000014705       0x52 ./Core/Src/7segment.o
 .debug_macro   0x0000000000014757       0x18 ./Core/Src/7segment.o
 .debug_macro   0x000000000001476f       0x3c ./Core/Src/7segment.o
 .debug_macro   0x00000000000147ab       0x34 ./Core/Src/7segment.o
 .debug_macro   0x00000000000147df      0x174 ./Core/Src/7segment.o
 .debug_macro   0x0000000000014953       0x16 ./Core/Src/7segment.o
 .debug_macro   0x0000000000014969       0x43 ./Core/Src/7segment.o
 .debug_macro   0x00000000000149ac       0x34 ./Core/Src/7segment.o
 .debug_macro   0x00000000000149e0       0x10 ./Core/Src/7segment.o
 .debug_macro   0x00000000000149f0       0x58 ./Core/Src/7segment.o
 .debug_macro   0x0000000000014a48       0x71 ./Core/Src/7segment.o
 .debug_macro   0x0000000000014ab9       0x1c ./Core/Src/7segment.o
 .debug_macro   0x0000000000014ad5      0x12a ./Core/Src/7segment.o
 .debug_macro   0x0000000000014bff      0x333 ./Core/Src/7segment.o
 .debug_macro   0x0000000000014f32      0x1a9 ./Core/Src/7segment.o
 .debug_macro   0x00000000000150db      0x14e ./Core/Src/HTS221.o
 .debug_macro   0x0000000000015229       0x88 ./Core/Src/HTS221.o
 .debug_macro   0x00000000000152b1      0x14e ./Core/Src/LPS25HB.o
 .debug_macro   0x00000000000153ff       0x40 ./Core/Src/LPS25HB.o
 .debug_macro   0x000000000001543f      0x13f ./Core/Src/gpio.o
 .debug_macro   0x000000000001557e      0x13f ./Core/Src/i2c.o
 .debug_macro   0x00000000000156bd      0x308 ./Core/Src/main.o
 .debug_macro   0x00000000000159c5       0x16 ./Core/Src/main.o
 .debug_macro   0x00000000000159db       0x97 ./Core/Src/main.o
 .debug_macro   0x0000000000015a72       0xfd ./Core/Src/main.o
 .debug_macro   0x0000000000015b6f       0x10 ./Core/Src/main.o
 .debug_macro   0x0000000000015b7f       0x10 ./Core/Src/main.o
 .debug_macro   0x0000000000015b8f       0x1c ./Core/Src/main.o
 .debug_macro   0x0000000000015bab       0x52 ./Core/Src/main.o
 .debug_macro   0x0000000000015bfd       0x22 ./Core/Src/main.o
 .debug_macro   0x0000000000015c1f       0x10 ./Core/Src/main.o
 .debug_macro   0x0000000000015c2f       0x40 ./Core/Src/main.o
 .debug_macro   0x0000000000015c6f       0xd5 ./Core/Src/main.o
 .debug_macro   0x0000000000015d44       0x1c ./Core/Src/main.o
 .debug_macro   0x0000000000015d60       0x3d ./Core/Src/main.o
 .debug_macro   0x0000000000015d9d       0x16 ./Core/Src/main.o
 .debug_macro   0x0000000000015db3      0x145 ./Core/Src/main.o
 .debug_macro   0x0000000000015ef8       0x16 ./Core/Src/main.o
 .debug_macro   0x0000000000015f0e       0x35 ./Core/Src/main.o
 .debug_macro   0x0000000000015f43       0x20 ./Core/Src/main.o
 .debug_macro   0x0000000000015f63      0x13f ./Core/Src/stm32f3xx_it.o
 .debug_macro   0x00000000000160a2       0xbd ./Core/Src/system_stm32f3xx.o
 .debug_macro   0x000000000001615f      0x13f ./Core/Src/tim.o
 .debug_macro   0x000000000001629e       0xea ./Drivers/STM32F3xx_HAL_Driver/Src/stm32f3xx_ll_exti.o
 .debug_macro   0x0000000000016388       0xf8 ./Drivers/STM32F3xx_HAL_Driver/Src/stm32f3xx_ll_exti.o
 .debug_macro   0x0000000000016480       0xff ./Drivers/STM32F3xx_HAL_Driver/Src/stm32f3xx_ll_gpio.o
 .debug_macro   0x000000000001657f      0x13c ./Drivers/STM32F3xx_HAL_Driver/Src/stm32f3xx_ll_gpio.o
 .debug_macro   0x00000000000166bb       0xff ./Drivers/STM32F3xx_HAL_Driver/Src/stm32f3xx_ll_i2c.o
 .debug_macro   0x00000000000167ba      0x169 ./Drivers/STM32F3xx_HAL_Driver/Src/stm32f3xx_ll_tim.o
 .debug_macro   0x0000000000016923      0x7fd ./Drivers/STM32F3xx_HAL_Driver/Src/stm32f3xx_ll_tim.o
 .debug_macro   0x0000000000017120      0x13b ./Drivers/STM32F3xx_HAL_Driver/Src/stm32f3xx_ll_utils.o

.debug_line     0x0000000000000000     0x771d
 .debug_line    0x0000000000000000      0xee3 ./Core/Src/7segment.o
 .debug_line    0x0000000000000ee3      0x712 ./Core/Src/HTS221.o
 .debug_line    0x00000000000015f5      0x641 ./Core/Src/LPS25HB.o
 .debug_line    0x0000000000001c36      0x7d9 ./Core/Src/gpio.o
 .debug_line    0x000000000000240f      0x95d ./Core/Src/i2c.o
 .debug_line    0x0000000000002d6c      0xbcc ./Core/Src/main.o
 .debug_line    0x0000000000003938      0x779 ./Core/Src/stm32f3xx_it.o
 .debug_line    0x00000000000040b1      0x4d8 ./Core/Src/system_stm32f3xx.o
 .debug_line    0x0000000000004589      0x7ef ./Core/Src/tim.o
 .debug_line    0x0000000000004d78       0x88 ./Core/Startup/startup_stm32f303k8tx.o
 .debug_line    0x0000000000004e00      0x703 ./Drivers/STM32F3xx_HAL_Driver/Src/stm32f3xx_ll_exti.o
 .debug_line    0x0000000000005503      0x73a ./Drivers/STM32F3xx_HAL_Driver/Src/stm32f3xx_ll_gpio.o
 .debug_line    0x0000000000005c3d      0x62c ./Drivers/STM32F3xx_HAL_Driver/Src/stm32f3xx_ll_i2c.o
 .debug_line    0x0000000000006269      0xba1 ./Drivers/STM32F3xx_HAL_Driver/Src/stm32f3xx_ll_tim.o
 .debug_line    0x0000000000006e0a      0x913 ./Drivers/STM32F3xx_HAL_Driver/Src/stm32f3xx_ll_utils.o

.debug_str      0x0000000000000000    0x7a8da
 .debug_str     0x0000000000000000    0x74cec ./Core/Src/7segment.o
                                      0x74fcd (size before relaxing)
 .debug_str     0x0000000000074cec      0x442 ./Core/Src/HTS221.o
                                      0x7150e (size before relaxing)
 .debug_str     0x000000000007512e      0x1ee ./Core/Src/LPS25HB.o
                                      0x712d1 (size before relaxing)
 .debug_str     0x000000000007531c      0x574 ./Core/Src/gpio.o
                                      0x7179d (size before relaxing)
 .debug_str     0x0000000000075890      0x2eb ./Core/Src/i2c.o
                                      0x71926 (size before relaxing)
 .debug_str     0x0000000000075b7b     0x120c ./Core/Src/main.o
                                      0x76569 (size before relaxing)
 .debug_str     0x0000000000076d87      0x212 ./Core/Src/stm32f3xx_it.o
                                      0x7135a (size before relaxing)
 .debug_str     0x0000000000076f99       0x5f ./Core/Src/system_stm32f3xx.o
                                      0x65703 (size before relaxing)
 .debug_str     0x0000000000076ff8      0x1ad ./Core/Src/tim.o
                                      0x717d0 (size before relaxing)
 .debug_str     0x00000000000771a5       0x36 ./Core/Startup/startup_stm32f303k8tx.o
                                         0x64 (size before relaxing)
 .debug_str     0x00000000000771db      0x470 ./Drivers/STM32F3xx_HAL_Driver/Src/stm32f3xx_ll_exti.o
                                      0x66037 (size before relaxing)
 .debug_str     0x000000000007764b      0x600 ./Drivers/STM32F3xx_HAL_Driver/Src/stm32f3xx_ll_gpio.o
                                      0x66a66 (size before relaxing)
 .debug_str     0x0000000000077c4b      0x3ed ./Drivers/STM32F3xx_HAL_Driver/Src/stm32f3xx_ll_i2c.o
                                      0x670c8 (size before relaxing)
 .debug_str     0x0000000000078038     0x1b87 ./Drivers/STM32F3xx_HAL_Driver/Src/stm32f3xx_ll_tim.o
                                      0x6b9b6 (size before relaxing)
 .debug_str     0x0000000000079bbf      0xd1b ./Drivers/STM32F3xx_HAL_Driver/Src/stm32f3xx_ll_utils.o
                                      0x6a738 (size before relaxing)

.comment        0x0000000000000000       0x53
 .comment       0x0000000000000000       0x53 ./Core/Src/7segment.o
                                         0x54 (size before relaxing)
 .comment       0x0000000000000053       0x54 ./Core/Src/HTS221.o
 .comment       0x0000000000000053       0x54 ./Core/Src/LPS25HB.o
 .comment       0x0000000000000053       0x54 ./Core/Src/gpio.o
 .comment       0x0000000000000053       0x54 ./Core/Src/i2c.o
 .comment       0x0000000000000053       0x54 ./Core/Src/main.o
 .comment       0x0000000000000053       0x54 ./Core/Src/stm32f3xx_it.o
 .comment       0x0000000000000053       0x54 ./Core/Src/system_stm32f3xx.o
 .comment       0x0000000000000053       0x54 ./Core/Src/tim.o
 .comment       0x0000000000000053       0x54 ./Drivers/STM32F3xx_HAL_Driver/Src/stm32f3xx_ll_exti.o
 .comment       0x0000000000000053       0x54 ./Drivers/STM32F3xx_HAL_Driver/Src/stm32f3xx_ll_gpio.o
 .comment       0x0000000000000053       0x54 ./Drivers/STM32F3xx_HAL_Driver/Src/stm32f3xx_ll_i2c.o
 .comment       0x0000000000000053       0x54 ./Drivers/STM32F3xx_HAL_Driver/Src/stm32f3xx_ll_tim.o
 .comment       0x0000000000000053       0x54 ./Drivers/STM32F3xx_HAL_Driver/Src/stm32f3xx_ll_utils.o

.debug_frame    0x0000000000000000     0x2a70
 .debug_frame   0x0000000000000000      0x624 ./Core/Src/7segment.o
 .debug_frame   0x0000000000000624      0x11c ./Core/Src/HTS221.o
 .debug_frame   0x0000000000000740       0xc4 ./Core/Src/LPS25HB.o
 .debug_frame   0x0000000000000804      0x1bc ./Core/Src/gpio.o
 .debug_frame   0x00000000000009c0      0x3bc ./Core/Src/i2c.o
 .debug_frame   0x0000000000000d7c      0x388 ./Core/Src/main.o
 .debug_frame   0x0000000000001104      0x224 ./Core/Src/stm32f3xx_it.o
 .debug_frame   0x0000000000001328       0x58 ./Core/Src/system_stm32f3xx.o
 .debug_frame   0x0000000000001380      0x20c ./Core/Src/tim.o
 .debug_frame   0x000000000000158c      0x2fc ./Drivers/STM32F3xx_HAL_Driver/Src/stm32f3xx_ll_exti.o
 .debug_frame   0x0000000000001888      0x1c0 ./Drivers/STM32F3xx_HAL_Driver/Src/stm32f3xx_ll_gpio.o
 .debug_frame   0x0000000000001a48      0x238 ./Drivers/STM32F3xx_HAL_Driver/Src/stm32f3xx_ll_i2c.o
 .debug_frame   0x0000000000001c80      0x5d0 ./Drivers/STM32F3xx_HAL_Driver/Src/stm32f3xx_ll_tim.o
 .debug_frame   0x0000000000002250      0x3dc ./Drivers/STM32F3xx_HAL_Driver/Src/stm32f3xx_ll_utils.o
 .debug_frame   0x000000000000262c       0x20 c:/st/stm32cubeide_1.6.1/stm32cubeide/plugins/com.st.stm32cube.ide.mcu.externaltools.gnu-tools-for-stm32.9-2020-q2-update.win32_2.0.0.202105311346/tools/bin/../lib/gcc/arm-none-eabi/9.3.1/../../../../arm-none-eabi/lib/thumb/v7e-m+fp/hard\libc_nano.a(lib_a-errno.o)
 .debug_frame   0x000000000000264c       0x2c c:/st/stm32cubeide_1.6.1/stm32cubeide/plugins/com.st.stm32cube.ide.mcu.externaltools.gnu-tools-for-stm32.9-2020-q2-update.win32_2.0.0.202105311346/tools/bin/../lib/gcc/arm-none-eabi/9.3.1/../../../../arm-none-eabi/lib/thumb/v7e-m+fp/hard\libc_nano.a(lib_a-init.o)
 .debug_frame   0x0000000000002678       0x20 c:/st/stm32cubeide_1.6.1/stm32cubeide/plugins/com.st.stm32cube.ide.mcu.externaltools.gnu-tools-for-stm32.9-2020-q2-update.win32_2.0.0.202105311346/tools/bin/../lib/gcc/arm-none-eabi/9.3.1/../../../../arm-none-eabi/lib/thumb/v7e-m+fp/hard\libc_nano.a(lib_a-memset.o)
 .debug_frame   0x0000000000002698       0x34 c:/st/stm32cubeide_1.6.1/stm32cubeide/plugins/com.st.stm32cube.ide.mcu.externaltools.gnu-tools-for-stm32.9-2020-q2-update.win32_2.0.0.202105311346/tools/bin/../lib/gcc/arm-none-eabi/9.3.1/../../../../arm-none-eabi/lib/thumb/v7e-m+fp/hard\libm.a(lib_a-w_pow.o)
 .debug_frame   0x00000000000026cc       0xa8 c:/st/stm32cubeide_1.6.1/stm32cubeide/plugins/com.st.stm32cube.ide.mcu.externaltools.gnu-tools-for-stm32.9-2020-q2-update.win32_2.0.0.202105311346/tools/bin/../lib/gcc/arm-none-eabi/9.3.1/../../../../arm-none-eabi/lib/thumb/v7e-m+fp/hard\libm.a(lib_a-e_pow.o)
 .debug_frame   0x0000000000002774       0x30 c:/st/stm32cubeide_1.6.1/stm32cubeide/plugins/com.st.stm32cube.ide.mcu.externaltools.gnu-tools-for-stm32.9-2020-q2-update.win32_2.0.0.202105311346/tools/bin/../lib/gcc/arm-none-eabi/9.3.1/../../../../arm-none-eabi/lib/thumb/v7e-m+fp/hard\libm.a(lib_a-e_sqrt.o)
 .debug_frame   0x00000000000027a4       0x20 c:/st/stm32cubeide_1.6.1/stm32cubeide/plugins/com.st.stm32cube.ide.mcu.externaltools.gnu-tools-for-stm32.9-2020-q2-update.win32_2.0.0.202105311346/tools/bin/../lib/gcc/arm-none-eabi/9.3.1/../../../../arm-none-eabi/lib/thumb/v7e-m+fp/hard\libm.a(lib_a-s_fabs.o)
 .debug_frame   0x00000000000027c4       0x28 c:/st/stm32cubeide_1.6.1/stm32cubeide/plugins/com.st.stm32cube.ide.mcu.externaltools.gnu-tools-for-stm32.9-2020-q2-update.win32_2.0.0.202105311346/tools/bin/../lib/gcc/arm-none-eabi/9.3.1/../../../../arm-none-eabi/lib/thumb/v7e-m+fp/hard\libm.a(lib_a-s_finite.o)
 .debug_frame   0x00000000000027ec       0x20 c:/st/stm32cubeide_1.6.1/stm32cubeide/plugins/com.st.stm32cube.ide.mcu.externaltools.gnu-tools-for-stm32.9-2020-q2-update.win32_2.0.0.202105311346/tools/bin/../lib/gcc/arm-none-eabi/9.3.1/../../../../arm-none-eabi/lib/thumb/v7e-m+fp/hard\libm.a(lib_a-s_nan.o)
 .debug_frame   0x000000000000280c       0x34 c:/st/stm32cubeide_1.6.1/stm32cubeide/plugins/com.st.stm32cube.ide.mcu.externaltools.gnu-tools-for-stm32.9-2020-q2-update.win32_2.0.0.202105311346/tools/bin/../lib/gcc/arm-none-eabi/9.3.1/../../../../arm-none-eabi/lib/thumb/v7e-m+fp/hard\libm.a(lib_a-s_rint.o)
 .debug_frame   0x0000000000002840       0x2c c:/st/stm32cubeide_1.6.1/stm32cubeide/plugins/com.st.stm32cube.ide.mcu.externaltools.gnu-tools-for-stm32.9-2020-q2-update.win32_2.0.0.202105311346/tools/bin/../lib/gcc/arm-none-eabi/9.3.1/../../../../arm-none-eabi/lib/thumb/v7e-m+fp/hard\libm.a(lib_a-s_scalbn.o)
 .debug_frame   0x000000000000286c       0xac c:/st/stm32cubeide_1.6.1/stm32cubeide/plugins/com.st.stm32cube.ide.mcu.externaltools.gnu-tools-for-stm32.9-2020-q2-update.win32_2.0.0.202105311346/tools/bin/../lib/gcc/arm-none-eabi/9.3.1/thumb/v7e-m+fp/hard\libgcc.a(_arm_addsubdf3.o)
 .debug_frame   0x0000000000002918       0x50 c:/st/stm32cubeide_1.6.1/stm32cubeide/plugins/com.st.stm32cube.ide.mcu.externaltools.gnu-tools-for-stm32.9-2020-q2-update.win32_2.0.0.202105311346/tools/bin/../lib/gcc/arm-none-eabi/9.3.1/thumb/v7e-m+fp/hard\libgcc.a(_arm_muldivdf3.o)
 .debug_frame   0x0000000000002968       0xc4 c:/st/stm32cubeide_1.6.1/stm32cubeide/plugins/com.st.stm32cube.ide.mcu.externaltools.gnu-tools-for-stm32.9-2020-q2-update.win32_2.0.0.202105311346/tools/bin/../lib/gcc/arm-none-eabi/9.3.1/thumb/v7e-m+fp/hard\libgcc.a(_arm_cmpdf2.o)
 .debug_frame   0x0000000000002a2c       0x20 c:/st/stm32cubeide_1.6.1/stm32cubeide/plugins/com.st.stm32cube.ide.mcu.externaltools.gnu-tools-for-stm32.9-2020-q2-update.win32_2.0.0.202105311346/tools/bin/../lib/gcc/arm-none-eabi/9.3.1/thumb/v7e-m+fp/hard\libgcc.a(_arm_unorddf2.o)
 .debug_frame   0x0000000000002a4c       0x24 c:/st/stm32cubeide_1.6.1/stm32cubeide/plugins/com.st.stm32cube.ide.mcu.externaltools.gnu-tools-for-stm32.9-2020-q2-update.win32_2.0.0.202105311346/tools/bin/../lib/gcc/arm-none-eabi/9.3.1/thumb/v7e-m+fp/hard\libgcc.a(_arm_truncdfsf2.o)
