core_cm4.h:1657:22:__NVIC_SetPriorityGrouping	24	static
core_cm4.h:1676:26:__NVIC_GetPriorityGrouping	4	static
core_cm4.h:1816:22:__NVIC_SetPriority	16	static
core_cm4.h:1863:26:NVIC_EncodePriority	40	static
stm32f3xx_ll_rcc.h:1086:22:LL_RCC_HSI_Enable	4	static
stm32f3xx_ll_rcc.h:1106:26:LL_RCC_HSI_IsReady	4	static
stm32f3xx_ll_rcc.h:1132:22:LL_RCC_HSI_SetCalibTrimming	16	static
stm32f3xx_ll_rcc.h:1290:22:LL_RCC_SetSysClkSource	16	static
stm32f3xx_ll_rcc.h:1303:26:LL_RCC_GetSysClkSource	4	static
stm32f3xx_ll_rcc.h:1323:22:LL_RCC_SetAHBPrescaler	16	static
stm32f3xx_ll_rcc.h:1339:22:LL_RCC_SetAPB1Prescaler	16	static
stm32f3xx_ll_rcc.h:1355:22:LL_RCC_SetAPB2Prescaler	16	static
stm32f3xx_ll_bus.h:537:22:LL_APB1_GRP1_EnableClock	24	static
stm32f3xx_ll_bus.h:851:22:LL_APB2_GRP1_EnableClock	24	static
stm32f3xx_ll_system.h:1618:22:LL_FLASH_SetLatency	16	static
stm32f3xx_ll_system.h:1631:26:LL_FLASH_GetLatency	4	static
stm32f3xx_ll_tim.h:1416:22:LL_TIM_EnableCounter	16	static
stm32f3xx_ll_tim.h:1943:22:LL_TIM_CC_EnableChannel	16	static
stm32f3xx_ll_tim.h:4487:22:LL_TIM_EnableIT_CC2	16	static
main.c:79:5:main	8	static
main.c:138:6:SystemClock_Config	8	static
main.c:168:6:proccesDmaData	16	static
main.c:172:6:transmitData	16	static
main.c:176:6:updatePWM	8	static
main.c:191:6:setLedPwm	56	dynamic
main.c:216:6:setLedDriverMode	24	static
main.c:238:6:setDutyCycle	16	static
main.c:247:6:Error_Handler	4	static,ignoring_inline_asm
