stm32f3xx_ll_gpio.h:879:22:LL_GPIO_SetOutputPin	16	static
stm32f3xx_ll_gpio.h:908:22:LL_GPIO_ResetOutputPin	16	static
7segment.c:11:6:resetSegment	8	static
7segment.c:22:6:resetDigts	8	static
7segment.c:29:6:setDigt1	8	static
7segment.c:36:6:setDigt2	8	static
7segment.c:43:6:setDigt3	8	static
7segment.c:50:6:setDigt4	8	static
7segment.c:58:6:setDigt5	8	static
7segment.c:65:6:set_	8	static
7segment.c:76:6:setA	8	static
7segment.c:87:6:setB	8	static
7segment.c:98:6:setC	8	static
7segment.c:109:6:setD	8	static
7segment.c:120:6:setE	8	static
7segment.c:131:6:setF	8	static
7segment.c:142:6:setG	8	static
7segment.c:153:6:setH	8	static
7segment.c:164:6:setI	8	static
7segment.c:175:6:setJ	8	static
7segment.c:186:6:setK	8	static
7segment.c:197:6:setL	8	static
7segment.c:208:6:setM	8	static
7segment.c:219:6:setN	8	static
7segment.c:230:6:setO	8	static
7segment.c:241:6:setP	8	static
7segment.c:252:6:setQ	8	static
7segment.c:263:6:setR	8	static
7segment.c:274:6:setS	8	static
7segment.c:285:6:setT	8	static
7segment.c:296:6:setU	8	static
7segment.c:307:6:setV	8	static
7segment.c:318:6:setW	8	static
7segment.c:329:6:setX	8	static
7segment.c:340:6:setY	8	static
7segment.c:351:6:setZ	8	static
7segment.c:362:6:set0	8	static
7segment.c:373:6:set1	8	static
7segment.c:384:6:set2	8	static
7segment.c:395:6:set3	8	static
7segment.c:406:6:set4	8	static
7segment.c:417:6:set5	8	static
7segment.c:428:6:set6	8	static
7segment.c:439:6:set7	8	static
7segment.c:450:6:set8	8	static
7segment.c:461:6:set9	8	static
7segment.c:472:6:setMinus	8	static
7segment.c:482:6:num2seg	16	static
7segment.c:527:6:writeToDisplay	16	static
7segment.c:545:6:writeTemp	24	static
7segment.c:604:6:writeHum	32	static
7segment.c:640:6:writeBar	32	static
7segment.c:689:6:writeAlt	32	static
