stm32f3xx_ll_gpio.h:879:22:LL_GPIO_SetOutputPin	16	static
stm32f3xx_ll_gpio.h:908:22:LL_GPIO_ResetOutputPin	16	static
7segment.c:10:6:resetSegment	8	static
7segment.c:21:6:resetDigts	8	static
7segment.c:24:6:setDigt1	8	static
7segment.c:28:6:setDigt2	8	static
7segment.c:32:6:setDigt3	8	static
7segment.c:36:6:setDigt4	8	static
7segment.c:40:6:setDigt5	8	static
7segment.c:44:6:set_	8	static
7segment.c:54:6:setA	8	static
7segment.c:64:6:setB	8	static
7segment.c:74:6:setC	8	static
7segment.c:84:6:setD	8	static
7segment.c:94:6:setE	8	static
7segment.c:104:6:setF	8	static
7segment.c:114:6:setG	8	static
7segment.c:124:6:setH	8	static
7segment.c:134:6:setI	8	static
7segment.c:144:6:setJ	8	static
7segment.c:154:6:setK	8	static
7segment.c:164:6:setL	8	static
7segment.c:174:6:setM	8	static
7segment.c:184:6:setN	8	static
7segment.c:194:6:setO	8	static
7segment.c:204:6:setP	8	static
7segment.c:214:6:setQ	8	static
7segment.c:224:6:setR	8	static
7segment.c:234:6:setS	8	static
7segment.c:244:6:setT	8	static
7segment.c:254:6:setU	8	static
7segment.c:264:6:setV	8	static
7segment.c:274:6:setW	8	static
7segment.c:284:6:setX	8	static
7segment.c:294:6:setY	8	static
7segment.c:304:6:setZ	8	static
7segment.c:314:6:set0	8	static
7segment.c:324:6:set1	8	static
7segment.c:334:6:set2	8	static
7segment.c:344:6:set3	8	static
7segment.c:354:6:set4	8	static
7segment.c:364:6:set5	8	static
7segment.c:374:6:set6	8	static
7segment.c:384:6:set7	8	static
7segment.c:394:6:set8	8	static
7segment.c:404:6:set9	8	static
7segment.c:414:6:setMinus	8	static
7segment.c:424:6:num2seg	16	static
7segment.c:460:6:writeToDisplay	16	static
7segment.c:478:6:writeTemp	32	static
7segment.c:530:6:writeHum	16	static
7segment.c:533:6:writeBar	16	static
7segment.c:536:6:writeAlt	16	static
