stm32f3xx_ll_i2c.h:1579:26:LL_I2C_IsActiveFlag_RXNE	16	static
stm32f3xx_ll_exti.h:1203:26:LL_EXTI_IsActiveFlag_0_31	16	static
stm32f3xx_ll_exti.h:1320:22:LL_EXTI_ClearFlag_0_31	16	static
stm32f3xx_ll_tim.h:4074:22:LL_TIM_ClearFlag_UPDATE	16	static
stm32f3xx_ll_tim.h:4085:26:LL_TIM_IsActiveFlag_UPDATE	16	static
stm32f3xx_it.c:70:6:NMI_Handler	4	static
stm32f3xx_it.c:85:6:HardFault_Handler	4	static
stm32f3xx_it.c:100:6:MemManage_Handler	4	static
stm32f3xx_it.c:115:6:BusFault_Handler	4	static
stm32f3xx_it.c:130:6:UsageFault_Handler	4	static
stm32f3xx_it.c:145:6:SVC_Handler	4	static
stm32f3xx_it.c:158:6:DebugMon_Handler	4	static
stm32f3xx_it.c:171:6:PendSV_Handler	4	static
stm32f3xx_it.c:184:6:SysTick_Handler	4	static
stm32f3xx_it.c:205:6:EXTI3_IRQHandler	8	static
stm32f3xx_it.c:225:6:TIM2_IRQHandler	8	static
stm32f3xx_it.c:242:6:TIM3_IRQHandler	8	static
stm32f3xx_it.c:259:6:I2C1_EV_IRQHandler	8	static
