stm32f3xx_ll_gpio.h:879:22:LL_GPIO_SetOutputPin	16	static
stm32f3xx_ll_gpio.h:908:22:LL_GPIO_ResetOutputPin	16	static
7segment.c:10:6:resetSegment	8	static
7segment.c:20:6:resetDigts	8	static
7segment.c:23:6:setDigt1	8	static
7segment.c:27:6:setDigt2	8	static
7segment.c:31:6:setDigt3	8	static
7segment.c:35:6:setDigt4	8	static
7segment.c:39:6:setDigt5	8	static
7segment.c:43:6:set_	8	static
7segment.c:53:6:setA	8	static
7segment.c:63:6:setB	8	static
7segment.c:73:6:setC	8	static
7segment.c:83:6:setD	8	static
7segment.c:93:6:setE	8	static
7segment.c:103:6:setF	8	static
7segment.c:113:6:setG	8	static
7segment.c:123:6:setH	8	static
7segment.c:133:6:setI	8	static
7segment.c:143:6:setJ	8	static
7segment.c:153:6:setK	8	static
7segment.c:163:6:setL	8	static
7segment.c:173:6:setM	8	static
7segment.c:183:6:setN	8	static
7segment.c:193:6:setO	8	static
7segment.c:203:6:setP	8	static
7segment.c:213:6:setQ	8	static
7segment.c:223:6:setR	8	static
7segment.c:233:6:setS	8	static
7segment.c:243:6:setT	8	static
7segment.c:253:6:setU	8	static
7segment.c:263:6:setV	8	static
7segment.c:273:6:setW	8	static
7segment.c:283:6:setX	8	static
7segment.c:293:6:setY	8	static
7segment.c:303:6:setZ	8	static
7segment.c:313:6:set0	8	static
7segment.c:323:6:set1	8	static
7segment.c:333:6:set2	8	static
7segment.c:343:6:set3	8	static
7segment.c:353:6:set4	8	static
7segment.c:363:6:set5	8	static
7segment.c:373:6:set6	8	static
7segment.c:383:6:set7	8	static
7segment.c:393:6:set8	8	static
7segment.c:403:6:set9	8	static
7segment.c:414:6:writeToDisplay	16	static
